Archive member included to satisfy reference by file (symbol)

d:/renesas/ra/e2studio_v2022-10_fsp_v4.1.0/toolchains/gcc_arm/gcc-arm-none-eabi-10.3-2021.10/bin/../lib/gcc/arm-none-eabi/10.3.1/thumb/v8-m.main+fp/hard\libgcc.a(_aeabi_ldivmod.o)
                              ./ra/fsp/src/r_sci_uart/r_sci_uart.o (__aeabi_ldivmod)
d:/renesas/ra/e2studio_v2022-10_fsp_v4.1.0/toolchains/gcc_arm/gcc-arm-none-eabi-10.3-2021.10/bin/../lib/gcc/arm-none-eabi/10.3.1/thumb/v8-m.main+fp/hard\libgcc.a(_udivmoddi4.o)
                              d:/renesas/ra/e2studio_v2022-10_fsp_v4.1.0/toolchains/gcc_arm/gcc-arm-none-eabi-10.3-2021.10/bin/../lib/gcc/arm-none-eabi/10.3.1/thumb/v8-m.main+fp/hard\libgcc.a(_aeabi_ldivmod.o) (__udivmoddi4)
d:/renesas/ra/e2studio_v2022-10_fsp_v4.1.0/toolchains/gcc_arm/gcc-arm-none-eabi-10.3-2021.10/bin/../lib/gcc/arm-none-eabi/10.3.1/thumb/v8-m.main+fp/hard\libgcc.a(_dvmd_tls.o)
                              d:/renesas/ra/e2studio_v2022-10_fsp_v4.1.0/toolchains/gcc_arm/gcc-arm-none-eabi-10.3-2021.10/bin/../lib/gcc/arm-none-eabi/10.3.1/thumb/v8-m.main+fp/hard\libgcc.a(_aeabi_ldivmod.o) (__aeabi_ldiv0)
d:/renesas/ra/e2studio_v2022-10_fsp_v4.1.0/toolchains/gcc_arm/gcc-arm-none-eabi-10.3-2021.10/bin/../lib/gcc/arm-none-eabi/10.3.1/../../../../arm-none-eabi/lib/thumb/v8-m.main+fp/hard\libg_nano.a(lib_a-errno.o)
                              ./ra/fsp/src/bsp/mcu/all/bsp_sbrk.o (__errno)
d:/renesas/ra/e2studio_v2022-10_fsp_v4.1.0/toolchains/gcc_arm/gcc-arm-none-eabi-10.3-2021.10/bin/../lib/gcc/arm-none-eabi/10.3.1/../../../../arm-none-eabi/lib/thumb/v8-m.main+fp/hard\libg_nano.a(lib_a-exit.o)
                              d:/renesas/ra/e2studio_v2022-10_fsp_v4.1.0/toolchains/gcc_arm/gcc-arm-none-eabi-10.3-2021.10/bin/../lib/gcc/arm-none-eabi/10.3.1/../../../../arm-none-eabi/lib/thumb/v8-m.main+fp/hard/rdimon-crt0.o (exit)
d:/renesas/ra/e2studio_v2022-10_fsp_v4.1.0/toolchains/gcc_arm/gcc-arm-none-eabi-10.3-2021.10/bin/../lib/gcc/arm-none-eabi/10.3.1/../../../../arm-none-eabi/lib/thumb/v8-m.main+fp/hard\libg_nano.a(lib_a-getchar.o)
                              ./src/hal_entry.o (getchar)
d:/renesas/ra/e2studio_v2022-10_fsp_v4.1.0/toolchains/gcc_arm/gcc-arm-none-eabi-10.3-2021.10/bin/../lib/gcc/arm-none-eabi/10.3.1/../../../../arm-none-eabi/lib/thumb/v8-m.main+fp/hard\libg_nano.a(lib_a-impure.o)
                              d:/renesas/ra/e2studio_v2022-10_fsp_v4.1.0/toolchains/gcc_arm/gcc-arm-none-eabi-10.3-2021.10/bin/../lib/gcc/arm-none-eabi/10.3.1/../../../../arm-none-eabi/lib/thumb/v8-m.main+fp/hard\libg_nano.a(lib_a-exit.o) (_global_impure_ptr)
d:/renesas/ra/e2studio_v2022-10_fsp_v4.1.0/toolchains/gcc_arm/gcc-arm-none-eabi-10.3-2021.10/bin/../lib/gcc/arm-none-eabi/10.3.1/../../../../arm-none-eabi/lib/thumb/v8-m.main+fp/hard\libg_nano.a(lib_a-init.o)
                              d:/renesas/ra/e2studio_v2022-10_fsp_v4.1.0/toolchains/gcc_arm/gcc-arm-none-eabi-10.3-2021.10/bin/../lib/gcc/arm-none-eabi/10.3.1/../../../../arm-none-eabi/lib/thumb/v8-m.main+fp/hard/rdimon-crt0.o (__libc_init_array)
d:/renesas/ra/e2studio_v2022-10_fsp_v4.1.0/toolchains/gcc_arm/gcc-arm-none-eabi-10.3-2021.10/bin/../lib/gcc/arm-none-eabi/10.3.1/../../../../arm-none-eabi/lib/thumb/v8-m.main+fp/hard\libg_nano.a(lib_a-memcpy-stub.o)
                              ./ra/fsp/src/r_sci_uart/r_sci_uart.o (memcpy)
d:/renesas/ra/e2studio_v2022-10_fsp_v4.1.0/toolchains/gcc_arm/gcc-arm-none-eabi-10.3-2021.10/bin/../lib/gcc/arm-none-eabi/10.3.1/../../../../arm-none-eabi/lib/thumb/v8-m.main+fp/hard\libg_nano.a(lib_a-memset.o)
                              d:/renesas/ra/e2studio_v2022-10_fsp_v4.1.0/toolchains/gcc_arm/gcc-arm-none-eabi-10.3-2021.10/bin/../lib/gcc/arm-none-eabi/10.3.1/../../../../arm-none-eabi/lib/thumb/v8-m.main+fp/hard/rdimon-crt0.o (memset)
d:/renesas/ra/e2studio_v2022-10_fsp_v4.1.0/toolchains/gcc_arm/gcc-arm-none-eabi-10.3-2021.10/bin/../lib/gcc/arm-none-eabi/10.3.1/../../../../arm-none-eabi/lib/thumb/v8-m.main+fp/hard\libg_nano.a(lib_a-findfp.o)
                              d:/renesas/ra/e2studio_v2022-10_fsp_v4.1.0/toolchains/gcc_arm/gcc-arm-none-eabi-10.3-2021.10/bin/../lib/gcc/arm-none-eabi/10.3.1/../../../../arm-none-eabi/lib/thumb/v8-m.main+fp/hard\libg_nano.a(lib_a-getchar.o) (__sinit)
d:/renesas/ra/e2studio_v2022-10_fsp_v4.1.0/toolchains/gcc_arm/gcc-arm-none-eabi-10.3-2021.10/bin/../lib/gcc/arm-none-eabi/10.3.1/../../../../arm-none-eabi/lib/thumb/v8-m.main+fp/hard\libg_nano.a(lib_a-fwalk.o)
                              d:/renesas/ra/e2studio_v2022-10_fsp_v4.1.0/toolchains/gcc_arm/gcc-arm-none-eabi-10.3-2021.10/bin/../lib/gcc/arm-none-eabi/10.3.1/../../../../arm-none-eabi/lib/thumb/v8-m.main+fp/hard\libg_nano.a(lib_a-findfp.o) (_fwalk)
d:/renesas/ra/e2studio_v2022-10_fsp_v4.1.0/toolchains/gcc_arm/gcc-arm-none-eabi-10.3-2021.10/bin/../lib/gcc/arm-none-eabi/10.3.1/../../../../arm-none-eabi/lib/thumb/v8-m.main+fp/hard\libg_nano.a(lib_a-getc.o)
[...]
Memory Configuration

Name             Origin             Length             Attributes
ITCM             0x00000000         0x00000000         xr
DTCM             0x00000000         0x00000000         xrw
FLASH            0x00000000         0x00100000         xr
RAM              0x20000000         0x00040000         xrw
DATA_FLASH       0x08000000         0x00002000         xr
QSPI_FLASH       0x60000000         0x04000000         xr
OSPI_DEVICE_0    0x00000000         0x00000000         xr
OSPI_DEVICE_1    0x00000000         0x00000000         xr
OSPI_DEVICE_0_RAM 0x00000000         0x00000000         xrw
OSPI_DEVICE_1_RAM 0x00000000         0x00000000         xrw
SDRAM            0x00000000         0x00000000         xrw
OPTION_SETTING   0x0100a100         0x00000100         r
OPTION_SETTING_S 0x0100a200         0x00000100         r
ID_CODE          0x00000000         0x00000000         xr
*default*        0x00000000         0xffffffff

Linker script and memory map

LOAD d:/renesas/ra/e2studio_v2022-10_fsp_v4.1.0/toolchains/gcc_arm/gcc-arm-none-eabi-10.3-2021.10/bin/../lib/gcc/arm-none-eabi/10.3.1/thumb/v8-m.main+fp/hard/crti.o
LOAD d:/renesas/ra/e2studio_v2022-10_fsp_v4.1.0/toolchains/gcc_arm/gcc-arm-none-eabi-10.3-2021.10/bin/../lib/gcc/arm-none-eabi/10.3.1/thumb/v8-m.main+fp/hard/crtbegin.o
LOAD d:/renesas/ra/e2studio_v2022-10_fsp_v4.1.0/toolchains/gcc_arm/gcc-arm-none-eabi-10.3-2021.10/bin/../lib/gcc/arm-none-eabi/10.3.1/../../../../arm-none-eabi/lib/thumb/v8-m.main+fp/hard/rdimon-crt0.o
START GROUP
LOAD ./src/hal_entry.o
LOAD ./ra_gen/common_data.o
LOAD ./ra_gen/hal_data.o
LOAD ./ra_gen/main.o
LOAD ./ra_gen/pin_data.o
LOAD ./ra_gen/vector_data.o
LOAD ./ra/fsp/src/r_sci_uart/r_sci_uart.o
LOAD ./ra/fsp/src/r_ioport/r_ioport.o
LOAD ./ra/fsp/src/bsp/mcu/all/bsp_clocks.o
LOAD ./ra/fsp/src/bsp/mcu/all/bsp_common.o
LOAD ./ra/fsp/src/bsp/mcu/all/bsp_delay.o
LOAD ./ra/fsp/src/bsp/mcu/all/bsp_group_irq.o
LOAD ./ra/fsp/src/bsp/mcu/all/bsp_guard.o
LOAD ./ra/fsp/src/bsp/mcu/all/bsp_io.o
LOAD ./ra/fsp/src/bsp/mcu/all/bsp_irq.o
LOAD ./ra/fsp/src/bsp/mcu/all/bsp_register_protection.o
LOAD ./ra/fsp/src/bsp/mcu/all/bsp_rom_registers.o
LOAD ./ra/fsp/src/bsp/mcu/all/bsp_sbrk.o
LOAD ./ra/fsp/src/bsp/mcu/all/bsp_security.o
LOAD ./ra/fsp/src/bsp/cmsis/Device/RENESAS/Source/startup.o
LOAD ./ra/fsp/src/bsp/cmsis/Device/RENESAS/Source/system.o
LOAD ./ra/board/ra6m4_ek/board_init.o
LOAD ./ra/board/ra6m4_ek/board_leds.o
END GROUP
START GROUP
LOAD d:/renesas/ra/e2studio_v2022-10_fsp_v4.1.0/toolchains/gcc_arm/gcc-arm-none-eabi-10.3-2021.10/bin/../lib/gcc/arm-none-eabi/10.3.1/thumb/v8-m.main+fp/hard\libgcc.a
LOAD d:/renesas/ra/e2studio_v2022-10_fsp_v4.1.0/toolchains/gcc_arm/gcc-arm-none-eabi-10.3-2021.10/bin/../lib/gcc/arm-none-eabi/10.3.1/../../../../arm-none-eabi/lib/thumb/v8-m.main+fp/hard\libg_nano.a
LOAD d:/renesas/ra/e2studio_v2022-10_fsp_v4.1.0/toolchains/gcc_arm/gcc-arm-none-eabi-10.3-2021.10/bin/../lib/gcc/arm-none-eabi/10.3.1/../../../../arm-none-eabi/lib/thumb/v8-m.main+fp/hard\libc_nano.a
END GROUP
START GROUP
LOAD d:/renesas/ra/e2studio_v2022-10_fsp_v4.1.0/toolchains/gcc_arm/gcc-arm-none-eabi-10.3-2021.10/bin/../lib/gcc/arm-none-eabi/10.3.1/thumb/v8-m.main+fp/hard\libgcc.a
LOAD d:/renesas/ra/e2studio_v2022-10_fsp_v4.1.0/toolchains/gcc_arm/gcc-arm-none-eabi-10.3-2021.10/bin/../lib/gcc/arm-none-eabi/10.3.1/../../../../arm-none-eabi/lib/thumb/v8-m.main+fp/hard\libc_nano.a
LOAD d:/renesas/ra/e2studio_v2022-10_fsp_v4.1.0/toolchains/gcc_arm/gcc-arm-none-eabi-10.3-2021.10/bin/../lib/gcc/arm-none-eabi/10.3.1/../../../../arm-none-eabi/lib/thumb/v8-m.main+fp/hard\librdimon_nano.a
END GROUP
START GROUP
LOAD d:/renesas/ra/e2studio_v2022-10_fsp_v4.1.0/toolchains/gcc_arm/gcc-arm-none-eabi-10.3-2021.10/bin/../lib/gcc/arm-none-eabi/10.3.1/thumb/v8-m.main+fp/hard\libgcc.a
LOAD d:/renesas/ra/e2studio_v2022-10_fsp_v4.1.0/toolchains/gcc_arm/gcc-arm-none-eabi-10.3-2021.10/bin/../lib/gcc/arm-none-eabi/10.3.1/../../../../arm-none-eabi/lib/thumb/v8-m.main+fp/hard\libc_nano.a
LOAD d:/renesas/ra/e2studio_v2022-10_fsp_v4.1.0/toolchains/gcc_arm/gcc-arm-none-eabi-10.3-2021.10/bin/../lib/gcc/arm-none-eabi/10.3.1/../../../../arm-none-eabi/lib/thumb/v8-m.main+fp/hard\librdimon_nano.a
END GROUP
LOAD d:/renesas/ra/e2studio_v2022-10_fsp_v4.1.0/toolchains/gcc_arm/gcc-arm-none-eabi-10.3-2021.10/bin/../lib/gcc/arm-none-eabi/10.3.1/thumb/v8-m.main+fp/hard/crtend.o
LOAD d:/renesas/ra/e2studio_v2022-10_fsp_v4.1.0/toolchains/gcc_arm/gcc-arm-none-eabi-10.3-2021.10/bin/../lib/gcc/arm-none-eabi/10.3.1/thumb/v8-m.main+fp/hard/crtn.o
                0x20000000                RAM_START = 0x20000000
                0x00040000                RAM_LENGTH = 0x40000
                0x00000000                FLASH_START = 0x0
                0x00100000                FLASH_LENGTH = 0x100000
                0x08000000                DATA_FLASH_START = 0x8000000
                0x00002000                DATA_FLASH_LENGTH = 0x2000
                0x0100a100                OPTION_SETTING_START = 0x100a100
                0x00000100                OPTION_SETTING_LENGTH = 0x100
                0x0100a200                OPTION_SETTING_S_START = 0x100a200
                0x00000100                OPTION_SETTING_S_LENGTH = 0x100
                0x00000000                ID_CODE_START = 0x0
                0x00000000                ID_CODE_LENGTH = 0x0
                0x00000000                SDRAM_START = 0x0
                0x00000000                SDRAM_LENGTH = 0x0
                0x60000000                QSPI_FLASH_START = 0x60000000
                0x04000000                QSPI_FLASH_LENGTH = 0x4000000
                0x00000000                OSPI_DEVICE_0_START = 0x0
                0x00000000                OSPI_DEVICE_0_LENGTH = 0x0
                0x00000000                OSPI_DEVICE_1_START = 0x0
                0x00000000                OSPI_DEVICE_1_LENGTH = 0x0
                0x04000000                QSPI_FLASH_PRV_LENGTH = DEFINED (QSPI_FLASH_SIZE)?ABSOLUTE (QSPI_FLASH_SIZE):ABSOLUTE (QSPI_FLASH_LENGTH)
                0x00000000                OSPI_DEVICE_0_PRV_LENGTH = DEFINED (OSPI_DEVICE_0_SIZE)?ABSOLUTE (OSPI_DEVICE_0_SIZE):ABSOLUTE (OSPI_DEVICE_0_LENGTH)
                0x00000000                OSPI_DEVICE_1_PRV_LENGTH = DEFINED (OSPI_DEVICE_1_SIZE)?ABSOLUTE (OSPI_DEVICE_1_SIZE):ABSOLUTE (OSPI_DEVICE_1_LENGTH)
                0x00000000                __RESERVE_NS_RAM = ((! (DEFINED (PROJECT_NONSECURE)) && DEFINED (RAM_NS_BUFFER_LENGTH)) && (OPTION_SETTING_S_LENGTH != 0x0))
                0x00000000                ITCM_START = DEFINED (ITCM_START)?ITCM_START:0x0
                0x00000000                ITCM_LENGTH = DEFINED (ITCM_LENGTH)?ITCM_LENGTH:0x0
                0x00000000                DTCM_START = DEFINED (DTCM_START)?DTCM_START:0x0
                0x00000000                DTCM_LENGTH = DEFINED (DTCM_LENGTH)?DTCM_LENGTH:0x0
                0x00000000                NS_OFFSET_START = DEFINED (NS_OFFSET_START)?NS_OFFSET_START:0x0
                0x00000000                NS_IMAGE_OFFSET = DEFINED (PROJECT_NONSECURE)?NS_OFFSET_START:0x0
                0x00000000                RAM_NS_BUFFER_BLOCK_LENGTH = DEFINED (RAM_NS_BUFFER_LENGTH)?ALIGN (RAM_NS_BUFFER_LENGTH, 0x2000):0x0
                0x00000000                RAM_NS_BUFFER_LENGTH = DEFINED (RAM_NS_BUFFER_LENGTH)?RAM_NS_BUFFER_LENGTH:0x0
                0x20040000                RAM_NS_BUFFER_START = ((RAM_START + RAM_LENGTH) - RAM_NS_BUFFER_LENGTH)
                0x20040000                RAM_NS_BUFFER_BLOCK_START = ((RAM_START + RAM_LENGTH) - RAM_NS_BUFFER_BLOCK_LENGTH)
                0x0100a180                OPTION_SETTING_START_NS = DEFINED (PROJECT_NONSECURE)?OPTION_SETTING_START:(OPTION_SETTING_START + 0x80)
                0x00000001                __bl_FSP_BOOTABLE_IMAGE = 0x1
                0x00000001                __bln_FSP_BOOTABLE_IMAGE = 0x1
                0x00000001                PROJECT_SECURE_OR_FLAT = (((! (DEFINED (PROJECT_NONSECURE)) || DEFINED (PROJECT_SECURE)) && OPTION_SETTING_LENGTH) && ! (DEFINED (FSP_BOOTABLE_IMAGE)))
                0x00000000                USE_OPTION_SETTING_NS = (DEFINED (PROJECT_NONSECURE) && ! (DEFINED (FSP_BOOTABLE_IMAGE)))
                0x00000000                __bl_FLASH_IMAGE_START = ! (DEFINED (FLASH_BOOTLOADER_LENGTH))?0x0:(FLASH_APPLICATION_IMAGE_NUMBER == 0x1)?(FLASH_BOOTLOADER_LENGTH + FLASH_BOOTLOADER_HEADER_LENGTH):(((FLASH_BOOTLOADER_LENGTH + FLASH_BOOTLOADER_SCRATCH_LENGTH) + FLASH_APPLICATION_S_LENGTH) + FLASH_BOOTLOADER_HEADER_LENGTH)
                0x00000000                __bl_FLASH_IMAGE_LENGTH = ! (DEFINED (FLASH_BOOTLOADER_LENGTH))?0x0:(FLASH_APPLICATION_S_LENGTH - FLASH_BOOTLOADER_HEADER_LENGTH)
                0x00000000                __bl_FLASH_IMAGE_END = (__bl_FLASH_IMAGE_START + __bl_FLASH_IMAGE_LENGTH)
                0x00000000                __bl_XIP_SECONDARY_FLASH_IMAGE_START = ! (DEFINED (FLASH_BOOTLOADER_LENGTH))?0x0:((FLASH_BOOTLOADER_LENGTH + FLASH_APPLICATION_S_LENGTH) + FLASH_BOOTLOADER_HEADER_LENGTH)
                0x00000000                __bl_XIP_SECONDARY_FLASH_IMAGE_END = (__bl_XIP_SECONDARY_FLASH_IMAGE_START + __bl_FLASH_IMAGE_LENGTH)
                0x00000000                __bl_FLASH_NS_START = ! (DEFINED (FLASH_BOOTLOADER_LENGTH))?0x0:(FLASH_APPLICATION_NS_LENGTH == 0x0)?__bl_FLASH_IMAGE_END:((__bl_FLASH_IMAGE_START - FLASH_BOOTLOADER_HEADER_LENGTH) + FLASH_APPLICATION_S_LENGTH)
                0x00000000                __bl_FLASH_NSC_START = ! (DEFINED (FLASH_BOOTLOADER_LENGTH))?0x0:(FLASH_APPLICATION_NS_LENGTH == 0x0)?__bl_FLASH_IMAGE_END:(__bl_FLASH_NS_START - FLASH_APPLICATION_NSC_LENGTH)
                0x00000000                __bl_RAM_NS_START = ! (DEFINED (FLASH_BOOTLOADER_LENGTH))?0x0:(FLASH_APPLICATION_NS_LENGTH == 0x0)?(RAM_START + RAM_LENGTH):((RAM_START + RAM_LENGTH) - RAM_APPLICATION_NS_LENGTH)
                0x00000000                __bl_RAM_NSC_START = ! (DEFINED (FLASH_BOOTLOADER_LENGTH))?0x0:(FLASH_APPLICATION_NS_LENGTH == 0x0)?(RAM_START + RAM_LENGTH):(__bl_RAM_NS_START - RAM_APPLICATION_NSC_LENGTH)
                0x00000000                __bl_FLASH_NS_IMAGE_START = ! (DEFINED (FLASH_BOOTLOADER_LENGTH))?0x0:(FLASH_APPLICATION_NS_LENGTH == 0x0)?__bl_FLASH_IMAGE_END:(__bl_FLASH_NS_START + FLASH_BOOTLOADER_HEADER_LENGTH_2)
                0x00000000                __bln_FLASH_IMAGE_START = __bl_FLASH_NS_IMAGE_START
                0x00000000                __bln_FLASH_IMAGE_LENGTH = ! (DEFINED (FLASH_BOOTLOADER_LENGTH))?0x0:(FLASH_APPLICATION_NS_LENGTH == 0x0)?__bl_FLASH_IMAGE_END:(FLASH_APPLICATION_NS_LENGTH - FLASH_BOOTLOADER_HEADER_LENGTH_2)
                0x00000000                XIP_SECONDARY_SLOT_IMAGE = DEFINED (XIP_SECONDARY_SLOT_IMAGE)?XIP_SECONDARY_SLOT_IMAGE:0x0
                0x00000000                FLASH_ORIGIN = ! (DEFINED (FLASH_IMAGE_START))?FLASH_START:(XIP_SECONDARY_SLOT_IMAGE == 0x1)?XIP_SECONDARY_FLASH_IMAGE_START:FLASH_IMAGE_START
                0x00100000                LIMITED_FLASH_LENGTH = DEFINED (FLASH_IMAGE_LENGTH)?FLASH_IMAGE_LENGTH:DEFINED (FLASH_BOOTLOADER_LENGTH)?FLASH_BOOTLOADER_LENGTH:FLASH_LENGTH
START GROUP
LOAD d:/renesas/ra/e2studio_v2022-10_fsp_v4.1.0/toolchains/gcc_arm/gcc-arm-none-eabi-10.3-2021.10/bin/../lib/gcc/arm-none-eabi/10.3.1/thumb/v8-m.main+fp/hard\libgcc.a
LOAD d:/renesas/ra/e2studio_v2022-10_fsp_v4.1.0/toolchains/gcc_arm/gcc-arm-none-eabi-10.3-2021.10/bin/../lib/gcc/arm-none-eabi/10.3.1/../../../../arm-none-eabi/lib/thumb/v8-m.main+fp/hard\libc.a
LOAD d:/renesas/ra/e2studio_v2022-10_fsp_v4.1.0/toolchains/gcc_arm/gcc-arm-none-eabi-10.3-2021.10/bin/../lib/gcc/arm-none-eabi/10.3.1/../../../../arm-none-eabi/lib/thumb/v8-m.main+fp/hard\libm.a
LOAD d:/renesas/ra/e2studio_v2022-10_fsp_v4.1.0/toolchains/gcc_arm/gcc-arm-none-eabi-10.3-2021.10/bin/../lib/gcc/arm-none-eabi/10.3.1/../../../../arm-none-eabi/lib/thumb/v8-m.main+fp/hard\libnosys.a
END GROUP

.itcm_data      0x00000000        0x0
                0x00000000                __tz_ITCM_S = ABSOLUTE (ITCM_START)
                0x00000000                __itcm_data_start__ = .
 *(.itcm_data*)
                0x00000000                __itcm_data_end__ = .
                0x00000000                __tz_ITCM_N = DEFINED (ITCM_NS_START)?ABSOLUTE (ITCM_NS_START):ALIGN (__itcm_data_end__, 0x2000)

.text           0x00000000     0x2148
                0x00000000                __tz_FLASH_S = ABSOLUTE (FLASH_START)
                0x00000000                __ROM_Start = .
 *(.fixed_vectors*)
 .fixed_vectors
                0x00000000       0x40 ./ra/fsp/src/bsp/cmsis/Device/RENESAS/Source/startup.o
                0x00000000                __Vectors
 *(.application_vectors*)
 .application_vectors
                0x00000040      0x180 ./ra_gen/vector_data.o
                0x00000040                g_vector_table
                0x000001c0                __Vectors_End = .
                0x000001c0                . = (OPTION_SETTING_LENGTH > 0x0)?.:(__ROM_Start + 0x400)
 *(.rom_registers*)
                0x000001c0                . = (OPTION_SETTING_LENGTH > 0x0)?.:(__ROM_Start + 0x500)
                0x00000200                . = ALIGN (0x80)
 *fill*         0x000001c0       0x40 ff
 *(.mcuboot_sce9_key*)
 *(.text*)
 .text          0x00000200       0x40 d:/renesas/ra/e2studio_v2022-10_fsp_v4.1.0/toolchains/gcc_arm/gcc-arm-none-eabi-10.3-2021.10/bin/../lib/gcc/arm-none-eabi/10.3.1/thumb/v8-m.main+fp/hard/crtbegin.o
 .text._read    0x00000240       0x30 ./src/hal_entry.o
                0x00000240                _read
 .text._write   0x00000270       0x48 ./src/hal_entry.o
                0x00000270                _write
 .text.hal_entry
                0x000002b8       0x30 ./src/hal_entry.o
                0x000002b8                hal_entry
 .text.R_BSP_WarmStart
                0x000002e8       0x18 ./src/hal_entry.o
                0x000002e8                R_BSP_WarmStart
 .text.startup.main
                0x00000300        0xc ./ra_gen/main.o
                0x00000300                main
 .text.R_SCI_UART_Read
                0x0000030c        0xc ./ra/fsp/src/r_sci_uart/r_sci_uart.o
                0x0000030c                R_SCI_UART_Read
 .text.R_SCI_UART_Write
                0x00000318       0x48 ./ra/fsp/src/r_sci_uart/r_sci_uart.o
                0x00000318                R_SCI_UART_Write
 .text.r_sci_uart_call_callback
                0x00000360       0x44 ./ra/fsp/src/r_sci_uart/r_sci_uart.o
 .text.R_SCI_UART_Open
                0x000003a4      0x364 ./ra/fsp/src/r_sci_uart/r_sci_uart.o
                0x000003a4                R_SCI_UART_Open
 .text.sci_uart_txi_isr
                0x00000708       0x90 ./ra/fsp/src/r_sci_uart/r_sci_uart.o
                0x00000708                sci_uart_txi_isr
 .text.sci_uart_rxi_isr
                0x00000798       0x90 ./ra/fsp/src/r_sci_uart/r_sci_uart.o
                0x00000798                sci_uart_rxi_isr
 .text.sci_uart_tei_isr
                0x00000828       0x48 ./ra/fsp/src/r_sci_uart/r_sci_uart.o
                0x00000828                sci_uart_tei_isr
 .text.sci_uart_eri_isr
                0x00000870       0x78 ./ra/fsp/src/r_sci_uart/r_sci_uart.o
                0x00000870                sci_uart_eri_isr
 .text.R_IOPORT_Close
                0x000008e8        0xc ./ra/fsp/src/r_ioport/r_ioport.o
                0x000008e8                R_IOPORT_Close
 .text.R_IOPORT_PinRead
                0x000008f4       0x24 ./ra/fsp/src/r_ioport/r_ioport.o
                0x000008f4                R_IOPORT_PinRead
 .text.R_IOPORT_PortRead
                0x00000918       0x14 ./ra/fsp/src/r_ioport/r_ioport.o
                0x00000918                R_IOPORT_PortRead
 .text.R_IOPORT_PortWrite
                0x0000092c       0x1c ./ra/fsp/src/r_ioport/r_ioport.o
                0x0000092c                R_IOPORT_PortWrite
 .text.R_IOPORT_PinWrite
                0x00000948       0x20 ./ra/fsp/src/r_ioport/r_ioport.o
                0x00000948                R_IOPORT_PinWrite
 .text.R_IOPORT_PortDirectionSet
                0x00000968       0x2c ./ra/fsp/src/r_ioport/r_ioport.o
                0x00000968                R_IOPORT_PortDirectionSet
 .text.R_IOPORT_PortEventInputRead
                0x00000994       0x18 ./ra/fsp/src/r_ioport/r_ioport.o
                0x00000994                R_IOPORT_PortEventInputRead
 .text.R_IOPORT_PinEventInputRead
                0x000009ac       0x38 ./ra/fsp/src/r_ioport/r_ioport.o
                0x000009ac                R_IOPORT_PinEventInputRead
 .text.R_IOPORT_PortEventOutputWrite
                0x000009e4       0x1c ./ra/fsp/src/r_ioport/r_ioport.o
                0x000009e4                R_IOPORT_PortEventOutputWrite
 .text.R_IOPORT_PinEventOutputWrite
                0x00000a00       0x4c ./ra/fsp/src/r_ioport/r_ioport.o
                0x00000a00                R_IOPORT_PinEventOutputWrite
 .text.bsp_vbatt_init
                0x00000a4c       0xac ./ra/fsp/src/r_ioport/r_ioport.o
 .text.r_ioport_pins_config
                0x00000af8       0xc0 ./ra/fsp/src/r_ioport/r_ioport.o
 .text.R_IOPORT_Open
                0x00000bb8       0x14 ./ra/fsp/src/r_ioport/r_ioport.o
                0x00000bb8                R_IOPORT_Open
 .text.R_IOPORT_PinsCfg
                0x00000bcc        0xc ./ra/fsp/src/r_ioport/r_ioport.o
                0x00000bcc                R_IOPORT_PinsCfg
 .text.R_IOPORT_PinCfg
                0x00000bd8       0xa8 ./ra/fsp/src/r_ioport/r_ioport.o
                0x00000bd8                R_IOPORT_PinCfg
 .text.SystemCoreClockUpdate
                0x00000c80       0x28 ./ra/fsp/src/bsp/mcu/all/bsp_clocks.o
                0x00000c80                SystemCoreClockUpdate
 .text.bsp_clock_init
                0x00000ca8      0x110 ./ra/fsp/src/bsp/mcu/all/bsp_clocks.o
                0x00000ca8                bsp_clock_init
 .text.bsp_prv_software_delay_loop
                0x00000db8        0xc ./ra/fsp/src/bsp/mcu/all/bsp_delay.o
                0x00000db8                bsp_prv_software_delay_loop
 .text.R_BSP_SoftwareDelay
                0x00000dc4       0x68 ./ra/fsp/src/bsp/mcu/all/bsp_delay.o
                0x00000dc4                R_BSP_SoftwareDelay
 .text.NMI_Handler
                0x00000e2c       0x38 ./ra/fsp/src/bsp/mcu/all/bsp_group_irq.o
                0x00000e2c                NMI_Handler
 .text.bsp_irq_cfg
                0x00000e64       0xa0 ./ra/fsp/src/bsp/mcu/all/bsp_irq.o
                0x00000e64                bsp_irq_cfg
 .text.R_BSP_RegisterProtectEnable
                0x00000f04       0x60 ./ra/fsp/src/bsp/mcu/all/bsp_register_protection.o
                0x00000f04                R_BSP_RegisterProtectEnable
 .text.R_BSP_RegisterProtectDisable
                0x00000f64       0x54 ./ra/fsp/src/bsp/mcu/all/bsp_register_protection.o
                0x00000f64                R_BSP_RegisterProtectDisable
 .text._sbrk    0x00000fb8       0x44 ./ra/fsp/src/bsp/mcu/all/bsp_sbrk.o
                0x00000fb8                _sbrk
 .text.Default_Handler
                0x00000ffc        0x4 ./ra/fsp/src/bsp/cmsis/Device/RENESAS/Source/startup.o
                0x00000ffc                DebugMon_Handler
                0x00000ffc                HardFault_Handler
                0x00000ffc                SysTick_Handler
                0x00000ffc                PendSV_Handler
                0x00000ffc                UsageFault_Handler
                0x00000ffc                SecureFault_Handler
                0x00000ffc                Default_Handler
                0x00000ffc                MemManage_Handler
                0x00000ffc                SVC_Handler
                0x00000ffc                BusFault_Handler
 .text.Reset_Handler
                0x00001000        0xc ./ra/fsp/src/bsp/cmsis/Device/RENESAS/Source/startup.o
                0x00001000                Reset_Handler
 .text.SystemInit
                0x0000100c       0xc0 ./ra/fsp/src/bsp/cmsis/Device/RENESAS/Source/system.o
                0x0000100c                SystemInit
 .text.bsp_init
                0x000010cc        0x4 ./ra/board/ra6m4_ek/board_init.o
                0x000010cc                bsp_init
 .text.__errno  0x000010d0        0xc d:/renesas/ra/e2studio_v2022-10_fsp_v4.1.0/toolchains/gcc_arm/gcc-arm-none-eabi-10.3-2021.10/bin/../lib/gcc/arm-none-eabi/10.3.1/../../../../arm-none-eabi/lib/thumb/v8-m.main+fp/hard\libg_nano.a(lib_a-errno.o)
                0x000010d0                __errno
 .text.getchar  0x000010dc       0x24 d:/renesas/ra/e2studio_v2022-10_fsp_v4.1.0/toolchains/gcc_arm/gcc-arm-none-eabi-10.3-2021.10/bin/../lib/gcc/arm-none-eabi/10.3.1/../../../../arm-none-eabi/lib/thumb/v8-m.main+fp/hard\libg_nano.a(lib_a-getchar.o)
                0x000010dc                getchar
 .text.memcpy   0x00001100       0x1a d:/renesas/ra/e2studio_v2022-10_fsp_v4.1.0/toolchains/gcc_arm/gcc-arm-none-eabi-10.3-2021.10/bin/../lib/gcc/arm-none-eabi/10.3.1/../../../../arm-none-eabi/lib/thumb/v8-m.main+fp/hard\libg_nano.a(lib_a-memcpy-stub.o)
                0x00001100                memcpy
 .text.memset   0x0000111a       0x10 d:/renesas/ra/e2studio_v2022-10_fsp_v4.1.0/toolchains/gcc_arm/gcc-arm-none-eabi-10.3-2021.10/bin/../lib/gcc/arm-none-eabi/10.3.1/../../../../arm-none-eabi/lib/thumb/v8-m.main+fp/hard\libg_nano.a(lib_a-memset.o)
                0x0000111a                memset
 *fill*         0x0000112a        0x2 ff
 .text.std      0x0000112c       0x48 d:/renesas/ra/e2studio_v2022-10_fsp_v4.1.0/toolchains/gcc_arm/gcc-arm-none-eabi-10.3-2021.10/bin/../lib/gcc/arm-none-eabi/10.3.1/../../../../arm-none-eabi/lib/thumb/v8-m.main+fp/hard\libg_nano.a(lib_a-findfp.o)
 .text._cleanup_r
                0x00001174        0xc d:/renesas/ra/e2studio_v2022-10_fsp_v4.1.0/toolchains/gcc_arm/gcc-arm-none-eabi-10.3-2021.10/bin/../lib/gcc/arm-none-eabi/10.3.1/../../../../arm-none-eabi/lib/thumb/v8-m.main+fp/hard\libg_nano.a(lib_a-findfp.o)
                0x00001174                _cleanup_r
 .text.__sfmoreglue
                0x00001180       0x2c d:/renesas/ra/e2studio_v2022-10_fsp_v4.1.0/toolchains/gcc_arm/gcc-arm-none-eabi-10.3-2021.10/bin/../lib/gcc/arm-none-eabi/10.3.1/../../../../arm-none-eabi/lib/thumb/v8-m.main+fp/hard\libg_nano.a(lib_a-findfp.o)
                0x00001180                __sfmoreglue
 .text.__sfp_lock_acquire
                0x000011ac        0xc d:/renesas/ra/e2studio_v2022-10_fsp_v4.1.0/toolchains/gcc_arm/gcc-arm-none-eabi-10.3-2021.10/bin/../lib/gcc/arm-none-eabi/10.3.1/../../../../arm-none-eabi/lib/thumb/v8-m.main+fp/hard\libg_nano.a(lib_a-findfp.o)
                0x000011ac                __sfp_lock_acquire
 .text.__sfp_lock_release
                0x000011b8        0xc d:/renesas/ra/e2studio_v2022-10_fsp_v4.1.0/toolchains/gcc_arm/gcc-arm-none-eabi-10.3-2021.10/bin/../lib/gcc/arm-none-eabi/10.3.1/../../../../arm-none-eabi/lib/thumb/v8-m.main+fp/hard\libg_nano.a(lib_a-findfp.o)
                0x000011b8                __sfp_lock_release
 .text.__sinit_lock_acquire
                0x000011c4        0xc d:/renesas/ra/e2studio_v2022-10_fsp_v4.1.0/toolchains/gcc_arm/gcc-arm-none-eabi-10.3-2021.10/bin/../lib/gcc/arm-none-eabi/10.3.1/../../../../arm-none-eabi/lib/thumb/v8-m.main+fp/hard\libg_nano.a(lib_a-findfp.o)
                0x000011c4                __sinit_lock_acquire
 .text.__sinit_lock_release
                0x000011d0        0xc d:/renesas/ra/e2studio_v2022-10_fsp_v4.1.0/toolchains/gcc_arm/gcc-arm-none-eabi-10.3-2021.10/bin/../lib/gcc/arm-none-eabi/10.3.1/../../../../arm-none-eabi/lib/thumb/v8-m.main+fp/hard\libg_nano.a(lib_a-findfp.o)
                0x000011d0                __sinit_lock_release
 .text.__sinit  0x000011dc       0x70 d:/renesas/ra/e2studio_v2022-10_fsp_v4.1.0/toolchains/gcc_arm/gcc-arm-none-eabi-10.3-2021.10/bin/../lib/gcc/arm-none-eabi/10.3.1/../../../../arm-none-eabi/lib/thumb/v8-m.main+fp/hard\libg_nano.a(lib_a-findfp.o)
                0x000011dc                __sinit
 .text.__sfp    0x0000124c       0x8c d:/renesas/ra/e2studio_v2022-10_fsp_v4.1.0/toolchains/gcc_arm/gcc-arm-none-eabi-10.3-2021.10/bin/../lib/gcc/arm-none-eabi/10.3.1/../../../../arm-none-eabi/lib/thumb/v8-m.main+fp/hard\libg_nano.a(lib_a-findfp.o)
                0x0000124c                __sfp
 .text._fwalk   0x000012d8       0x3a d:/renesas/ra/e2studio_v2022-10_fsp_v4.1.0/toolchains/gcc_arm/gcc-arm-none-eabi-10.3-2021.10/bin/../lib/gcc/arm-none-eabi/10.3.1/../../../../arm-none-eabi/lib/thumb/v8-m.main+fp/hard\libg_nano.a(lib_a-fwalk.o)
                0x000012d8                _fwalk
 .text._fwalk_reent
                0x00001312       0x3e d:/renesas/ra/e2studio_v2022-10_fsp_v4.1.0/toolchains/gcc_arm/gcc-arm-none-eabi-10.3-2021.10/bin/../lib/gcc/arm-none-eabi/10.3.1/../../../../arm-none-eabi/lib/thumb/v8-m.main+fp/hard\libg_nano.a(lib_a-fwalk.o)
                0x00001312                _fwalk_reent
 .text._getc_r  0x00001350       0x80 d:/renesas/ra/e2studio_v2022-10_fsp_v4.1.0/toolchains/gcc_arm/gcc-arm-none-eabi-10.3-2021.10/bin/../lib/gcc/arm-none-eabi/10.3.1/../../../../arm-none-eabi/lib/thumb/v8-m.main+fp/hard\libg_nano.a(lib_a-getc.o)
                0x00001350                _getc_r
 .text.__retarget_lock_init_recursive
                0x000013d0        0x2 d:/renesas/ra/e2studio_v2022-10_fsp_v4.1.0/toolchains/gcc_arm/gcc-arm-none-eabi-10.3-2021.10/bin/../lib/gcc/arm-none-eabi/10.3.1/../../../../arm-none-eabi/lib/thumb/v8-m.main+fp/hard\libg_nano.a(lib_a-lock.o)
                0x000013d0                __retarget_lock_init_recursive
 .text.__retarget_lock_acquire_recursive
                0x000013d2        0x2 d:/renesas/ra/e2studio_v2022-10_fsp_v4.1.0/toolchains/gcc_arm/gcc-arm-none-eabi-10.3-2021.10/bin/../lib/gcc/arm-none-eabi/10.3.1/../../../../arm-none-eabi/lib/thumb/v8-m.main+fp/hard\libg_nano.a(lib_a-lock.o)
                0x000013d2                __retarget_lock_acquire_recursive
 .text.__retarget_lock_release_recursive
                0x000013d4        0x2 d:/renesas/ra/e2studio_v2022-10_fsp_v4.1.0/toolchains/gcc_arm/gcc-arm-none-eabi-10.3-2021.10/bin/../lib/gcc/arm-none-eabi/10.3.1/../../../../arm-none-eabi/lib/thumb/v8-m.main+fp/hard\libg_nano.a(lib_a-lock.o)
                0x000013d4                __retarget_lock_release_recursive
 *fill*         0x000013d6        0x2 ff
 .text.sbrk_aligned
                0x000013d8       0x40 d:/renesas/ra/e2studio_v2022-10_fsp_v4.1.0/toolchains/gcc_arm/gcc-arm-none-eabi-10.3-2021.10/bin/../lib/gcc/arm-none-eabi/10.3.1/../../../../arm-none-eabi/lib/thumb/v8-m.main+fp/hard\libg_nano.a(lib_a-nano-mallocr.o)
 .text._malloc_r
                0x00001418       0xe8 d:/renesas/ra/e2studio_v2022-10_fsp_v4.1.0/toolchains/gcc_arm/gcc-arm-none-eabi-10.3-2021.10/bin/../lib/gcc/arm-none-eabi/10.3.1/../../../../arm-none-eabi/lib/thumb/v8-m.main+fp/hard\libg_nano.a(lib_a-nano-mallocr.o)
                0x00001418                _malloc_r
 .text.__srget_r
                0x00001500       0x58 d:/renesas/ra/e2studio_v2022-10_fsp_v4.1.0/toolchains/gcc_arm/gcc-arm-none-eabi-10.3-2021.10/bin/../lib/gcc/arm-none-eabi/10.3.1/../../../../arm-none-eabi/lib/thumb/v8-m.main+fp/hard\libg_nano.a(lib_a-rget.o)
                0x00001500                __srget_r
 .text._sbrk_r  0x00001558       0x20 d:/renesas/ra/e2studio_v2022-10_fsp_v4.1.0/toolchains/gcc_arm/gcc-arm-none-eabi-10.3-2021.10/bin/../lib/gcc/arm-none-eabi/10.3.1/../../../../arm-none-eabi/lib/thumb/v8-m.main+fp/hard\libg_nano.a(lib_a-sbrkr.o)
                0x00001558                _sbrk_r
 .text.__sread  0x00001578       0x22 d:/renesas/ra/e2studio_v2022-10_fsp_v4.1.0/toolchains/gcc_arm/gcc-arm-none-eabi-10.3-2021.10/bin/../lib/gcc/arm-none-eabi/10.3.1/../../../../arm-none-eabi/lib/thumb/v8-m.main+fp/hard\libg_nano.a(lib_a-stdio.o)
                0x00001578                __sread
 .text.__swrite
                0x0000159a       0x38 d:/renesas/ra/e2studio_v2022-10_fsp_v4.1.0/toolchains/gcc_arm/gcc-arm-none-eabi-10.3-2021.10/bin/../lib/gcc/arm-none-eabi/10.3.1/../../../../arm-none-eabi/lib/thumb/v8-m.main+fp/hard\libg_nano.a(lib_a-stdio.o)
                0x0000159a                __swrite
 .text.__sseek  0x000015d2       0x24 d:/renesas/ra/e2studio_v2022-10_fsp_v4.1.0/toolchains/gcc_arm/gcc-arm-none-eabi-10.3-2021.10/bin/../lib/gcc/arm-none-eabi/10.3.1/../../../../arm-none-eabi/lib/thumb/v8-m.main+fp/hard\libg_nano.a(lib_a-stdio.o)
                0x000015d2                __sseek
 .text.__sclose
                0x000015f6        0x8 d:/renesas/ra/e2studio_v2022-10_fsp_v4.1.0/toolchains/gcc_arm/gcc-arm-none-eabi-10.3-2021.10/bin/../lib/gcc/arm-none-eabi/10.3.1/../../../../arm-none-eabi/lib/thumb/v8-m.main+fp/hard\libg_nano.a(lib_a-stdio.o)
                0x000015f6                __sclose
 *fill*         0x000015fe        0x2 ff
 .text._write_r
                0x00001600       0x24 d:/renesas/ra/e2studio_v2022-10_fsp_v4.1.0/toolchains/gcc_arm/gcc-arm-none-eabi-10.3-2021.10/bin/../lib/gcc/arm-none-eabi/10.3.1/../../../../arm-none-eabi/lib/thumb/v8-m.main+fp/hard\libg_nano.a(lib_a-writer.o)
                0x00001600                _write_r
 .text._close_r
                0x00001624       0x20 d:/renesas/ra/e2studio_v2022-10_fsp_v4.1.0/toolchains/gcc_arm/gcc-arm-none-eabi-10.3-2021.10/bin/../lib/gcc/arm-none-eabi/10.3.1/../../../../arm-none-eabi/lib/thumb/v8-m.main+fp/hard\libg_nano.a(lib_a-closer.o)
                0x00001624                _close_r
 .text.__sflush_r
                0x00001644      0x108 d:/renesas/ra/e2studio_v2022-10_fsp_v4.1.0/toolchains/gcc_arm/gcc-arm-none-eabi-10.3-2021.10/bin/../lib/gcc/arm-none-eabi/10.3.1/../../../../arm-none-eabi/lib/thumb/v8-m.main+fp/hard\libg_nano.a(lib_a-fflush.o)
                0x00001644                __sflush_r
 .text._fflush_r
                0x0000174c       0x78 d:/renesas/ra/e2studio_v2022-10_fsp_v4.1.0/toolchains/gcc_arm/gcc-arm-none-eabi-10.3-2021.10/bin/../lib/gcc/arm-none-eabi/10.3.1/../../../../arm-none-eabi/lib/thumb/v8-m.main+fp/hard\libg_nano.a(lib_a-fflush.o)
                0x0000174c                _fflush_r
 .text.fflush   0x000017c4       0x24 d:/renesas/ra/e2studio_v2022-10_fsp_v4.1.0/toolchains/gcc_arm/gcc-arm-none-eabi-10.3-2021.10/bin/../lib/gcc/arm-none-eabi/10.3.1/../../../../arm-none-eabi/lib/thumb/v8-m.main+fp/hard\libg_nano.a(lib_a-fflush.o)
                0x000017c4                fflush
 .text._lseek_r
                0x000017e8       0x24 d:/renesas/ra/e2studio_v2022-10_fsp_v4.1.0/toolchains/gcc_arm/gcc-arm-none-eabi-10.3-2021.10/bin/../lib/gcc/arm-none-eabi/10.3.1/../../../../arm-none-eabi/lib/thumb/v8-m.main+fp/hard\libg_nano.a(lib_a-lseekr.o)
                0x000017e8                _lseek_r
 .text.__malloc_lock
                0x0000180c        0xc d:/renesas/ra/e2studio_v2022-10_fsp_v4.1.0/toolchains/gcc_arm/gcc-arm-none-eabi-10.3-2021.10/bin/../lib/gcc/arm-none-eabi/10.3.1/../../../../arm-none-eabi/lib/thumb/v8-m.main+fp/hard\libg_nano.a(lib_a-mlock.o)
                0x0000180c                __malloc_lock
 .text.__malloc_unlock
                0x00001818        0xc d:/renesas/ra/e2studio_v2022-10_fsp_v4.1.0/toolchains/gcc_arm/gcc-arm-none-eabi-10.3-2021.10/bin/../lib/gcc/arm-none-eabi/10.3.1/../../../../arm-none-eabi/lib/thumb/v8-m.main+fp/hard\libg_nano.a(lib_a-mlock.o)
                0x00001818                __malloc_unlock
 .text._free_r  0x00001824       0x98 d:/renesas/ra/e2studio_v2022-10_fsp_v4.1.0/toolchains/gcc_arm/gcc-arm-none-eabi-10.3-2021.10/bin/../lib/gcc/arm-none-eabi/10.3.1/../../../../arm-none-eabi/lib/thumb/v8-m.main+fp/hard\libg_nano.a(lib_a-nano-freer.o)
                0x00001824                _free_r
 .text._read_r  0x000018bc       0x24 d:/renesas/ra/e2studio_v2022-10_fsp_v4.1.0/toolchains/gcc_arm/gcc-arm-none-eabi-10.3-2021.10/bin/../lib/gcc/arm-none-eabi/10.3.1/../../../../arm-none-eabi/lib/thumb/v8-m.main+fp/hard\libg_nano.a(lib_a-readr.o)
                0x000018bc                _read_r
 .text.lflush   0x000018e0       0x12 d:/renesas/ra/e2studio_v2022-10_fsp_v4.1.0/toolchains/gcc_arm/gcc-arm-none-eabi-10.3-2021.10/bin/../lib/gcc/arm-none-eabi/10.3.1/../../../../arm-none-eabi/lib/thumb/v8-m.main+fp/hard\libg_nano.a(lib_a-refill.o)
 *fill*         0x000018f2        0x2 ff
 .text.__srefill_r
                0x000018f4      0x114 d:/renesas/ra/e2studio_v2022-10_fsp_v4.1.0/toolchains/gcc_arm/gcc-arm-none-eabi-10.3-2021.10/bin/../lib/gcc/arm-none-eabi/10.3.1/../../../../arm-none-eabi/lib/thumb/v8-m.main+fp/hard\libg_nano.a(lib_a-refill.o)
                0x000018f4                __srefill_r
 .text.__swhatbuf_r
                0x00001a08       0x4a d:/renesas/ra/e2studio_v2022-10_fsp_v4.1.0/toolchains/gcc_arm/gcc-arm-none-eabi-10.3-2021.10/bin/../lib/gcc/arm-none-eabi/10.3.1/../../../../arm-none-eabi/lib/thumb/v8-m.main+fp/hard\libg_nano.a(lib_a-makebuf.o)
                0x00001a08                __swhatbuf_r
 *fill*         0x00001a52        0x2 ff
 .text.__smakebuf_r
                0x00001a54       0x80 d:/renesas/ra/e2studio_v2022-10_fsp_v4.1.0/toolchains/gcc_arm/gcc-arm-none-eabi-10.3-2021.10/bin/../lib/gcc/arm-none-eabi/10.3.1/../../../../arm-none-eabi/lib/thumb/v8-m.main+fp/hard\libg_nano.a(lib_a-makebuf.o)
                0x00001a54                __smakebuf_r
 .text._fstat_r
                0x00001ad4       0x24 d:/renesas/ra/e2studio_v2022-10_fsp_v4.1.0/toolchains/gcc_arm/gcc-arm-none-eabi-10.3-2021.10/bin/../lib/gcc/arm-none-eabi/10.3.1/../../../../arm-none-eabi/lib/thumb/v8-m.main+fp/hard\libg_nano.a(lib_a-fstatr.o)
                0x00001ad4                _fstat_r
 .text._isatty_r
                0x00001af8       0x20 d:/renesas/ra/e2studio_v2022-10_fsp_v4.1.0/toolchains/gcc_arm/gcc-arm-none-eabi-10.3-2021.10/bin/../lib/gcc/arm-none-eabi/10.3.1/../../../../arm-none-eabi/lib/thumb/v8-m.main+fp/hard\libg_nano.a(lib_a-isattyr.o)
                0x00001af8                _isatty_r
 .text.findslot
                0x00001b18       0x34 d:/renesas/ra/e2studio_v2022-10_fsp_v4.1.0/toolchains/gcc_arm/gcc-arm-none-eabi-10.3-2021.10/bin/../lib/gcc/arm-none-eabi/10.3.1/../../../../arm-none-eabi/lib/thumb/v8-m.main+fp/hard\librdimon_nano.a(rdimon-syscalls.o)
 .text.error    0x00001b4c       0x1c d:/renesas/ra/e2studio_v2022-10_fsp_v4.1.0/toolchains/gcc_arm/gcc-arm-none-eabi-10.3-2021.10/bin/../lib/gcc/arm-none-eabi/10.3.1/../../../../arm-none-eabi/lib/thumb/v8-m.main+fp/hard\librdimon_nano.a(rdimon-syscalls.o)
 .text.checkerror
                0x00001b68        0xa d:/renesas/ra/e2studio_v2022-10_fsp_v4.1.0/toolchains/gcc_arm/gcc-arm-none-eabi-10.3-2021.10/bin/../lib/gcc/arm-none-eabi/10.3.1/../../../../arm-none-eabi/lib/thumb/v8-m.main+fp/hard\librdimon_nano.a(rdimon-syscalls.o)
 .text._swilseek
                0x00001b72       0x78 d:/renesas/ra/e2studio_v2022-10_fsp_v4.1.0/toolchains/gcc_arm/gcc-arm-none-eabi-10.3-2021.10/bin/../lib/gcc/arm-none-eabi/10.3.1/../../../../arm-none-eabi/lib/thumb/v8-m.main+fp/hard\librdimon_nano.a(rdimon-syscalls.o)
                0x00001b72                _swilseek
 .text._lseek   0x00001bea        0x4 d:/renesas/ra/e2studio_v2022-10_fsp_v4.1.0/toolchains/gcc_arm/gcc-arm-none-eabi-10.3-2021.10/bin/../lib/gcc/arm-none-eabi/10.3.1/../../../../arm-none-eabi/lib/thumb/v8-m.main+fp/hard\librdimon_nano.a(rdimon-syscalls.o)
                0x00001bea                _lseek
 .text._swiclose
                0x00001bee       0x1a d:/renesas/ra/e2studio_v2022-10_fsp_v4.1.0/toolchains/gcc_arm/gcc-arm-none-eabi-10.3-2021.10/bin/../lib/gcc/arm-none-eabi/10.3.1/../../../../arm-none-eabi/lib/thumb/v8-m.main+fp/hard\librdimon_nano.a(rdimon-syscalls.o)
                0x00001bee                _swiclose
 .text._close   0x00001c08       0x4c d:/renesas/ra/e2studio_v2022-10_fsp_v4.1.0/toolchains/gcc_arm/gcc-arm-none-eabi-10.3-2021.10/bin/../lib/gcc/arm-none-eabi/10.3.1/../../../../arm-none-eabi/lib/thumb/v8-m.main+fp/hard\librdimon_nano.a(rdimon-syscalls.o)
                0x00001c08                _close
 .text._swistat
                0x00001c54       0x42 d:/renesas/ra/e2studio_v2022-10_fsp_v4.1.0/toolchains/gcc_arm/gcc-arm-none-eabi-10.3-2021.10/bin/../lib/gcc/arm-none-eabi/10.3.1/../../../../arm-none-eabi/lib/thumb/v8-m.main+fp/hard\librdimon_nano.a(rdimon-syscalls.o)
                0x00001c54                _swistat
 .text._fstat   0x00001c96       0x1c d:/renesas/ra/e2studio_v2022-10_fsp_v4.1.0/toolchains/gcc_arm/gcc-arm-none-eabi-10.3-2021.10/bin/../lib/gcc/arm-none-eabi/10.3.1/../../../../arm-none-eabi/lib/thumb/v8-m.main+fp/hard\librdimon_nano.a(rdimon-syscalls.o)
                0x00001c96                _fstat
 .text._isatty  0x00001cb2       0x38 d:/renesas/ra/e2studio_v2022-10_fsp_v4.1.0/toolchains/gcc_arm/gcc-arm-none-eabi-10.3-2021.10/bin/../lib/gcc/arm-none-eabi/10.3.1/../../../../arm-none-eabi/lib/thumb/v8-m.main+fp/hard\librdimon_nano.a(rdimon-syscalls.o)
                0x00001cb2                _isatty
 *(.version)
 *fill*         0x00001cea        0x2 ff
 .version       0x00001cec       0x50 ./ra/fsp/src/bsp/mcu/all/bsp_common.o
 *(.init)
 .init          0x00001d3c        0x4 d:/renesas/ra/e2studio_v2022-10_fsp_v4.1.0/toolchains/gcc_arm/gcc-arm-none-eabi-10.3-2021.10/bin/../lib/gcc/arm-none-eabi/10.3.1/thumb/v8-m.main+fp/hard/crti.o
                0x00001d3c                _init
 .init          0x00001d40        0x8 d:/renesas/ra/e2studio_v2022-10_fsp_v4.1.0/toolchains/gcc_arm/gcc-arm-none-eabi-10.3-2021.10/bin/../lib/gcc/arm-none-eabi/10.3.1/thumb/v8-m.main+fp/hard/crtn.o
 *(.fini)
 .fini          0x00001d48        0x4 d:/renesas/ra/e2studio_v2022-10_fsp_v4.1.0/toolchains/gcc_arm/gcc-arm-none-eabi-10.3-2021.10/bin/../lib/gcc/arm-none-eabi/10.3.1/thumb/v8-m.main+fp/hard/crti.o
                0x00001d48                _fini
 .fini          0x00001d4c        0x8 d:/renesas/ra/e2studio_v2022-10_fsp_v4.1.0/toolchains/gcc_arm/gcc-arm-none-eabi-10.3-2021.10/bin/../lib/gcc/arm-none-eabi/10.3.1/thumb/v8-m.main+fp/hard/crtn.o
 *crtbegin.o(.ctors)
 *crtbegin?.o(.ctors)
 *(EXCLUDE_FILE(*crtend.o *crtend?.o) .ctors)
 *(SORT_BY_NAME(.ctors.*))
 *(.ctors)
 *crtbegin.o(.dtors)
 *crtbegin?.o(.dtors)
 *(EXCLUDE_FILE(*crtend.o *crtend?.o) .dtors)
 *(SORT_BY_NAME(.dtors.*))
 *(.dtors)
 *(.rodata*)
 .rodata.g_ioport
                0x00001d54        0xc ./ra_gen/common_data.o
                0x00001d54                g_ioport
 .rodata.g_uart_cfg
                0x00001d60       0x20 ./ra_gen/hal_data.o
                0x00001d60                g_uart_cfg
 .rodata.g_uart_cfg_extend
                0x00001d80       0x14 ./ra_gen/hal_data.o
                0x00001d80                g_uart_cfg_extend
 .rodata.g_bsp_pin_cfg
                0x00001d94        0x8 ./ra_gen/pin_data.o
                0x00001d94                g_bsp_pin_cfg
 .rodata.g_bsp_pin_cfg_data
                0x00001d9c      0x248 ./ra_gen/pin_data.o
                0x00001d9c                g_bsp_pin_cfg_data
 .rodata.g_interrupt_event_link_select
                0x00001fe4       0xc0 ./ra_gen/vector_data.o
                0x00001fe4                g_interrupt_event_link_select
 .rodata.g_ioport_on_ioport
                0x000020a4       0x34 ./ra/fsp/src/r_ioport/r_ioport.o
                0x000020a4                g_ioport_on_ioport
 .rodata.g_prcr_masks
                0x000020d8        0x8 ./ra/fsp/src/bsp/mcu/all/bsp_register_protection.o
 .rodata._global_impure_ptr
                0x000020e0        0x4 d:/renesas/ra/e2studio_v2022-10_fsp_v4.1.0/toolchains/gcc_arm/gcc-arm-none-eabi-10.3-2021.10/bin/../lib/gcc/arm-none-eabi/10.3.1/../../../../arm-none-eabi/lib/thumb/v8-m.main+fp/hard\libg_nano.a(lib_a-impure.o)
                0x000020e0                _global_impure_ptr
 .rodata.__sf_fake_stderr
                0x000020e4       0x20 d:/renesas/ra/e2studio_v2022-10_fsp_v4.1.0/toolchains/gcc_arm/gcc-arm-none-eabi-10.3-2021.10/bin/../lib/gcc/arm-none-eabi/10.3.1/../../../../arm-none-eabi/lib/thumb/v8-m.main+fp/hard\libg_nano.a(lib_a-findfp.o)
                0x000020e4                __sf_fake_stderr
 .rodata.__sf_fake_stdin
                0x00002104       0x20 d:/renesas/ra/e2studio_v2022-10_fsp_v4.1.0/toolchains/gcc_arm/gcc-arm-none-eabi-10.3-2021.10/bin/../lib/gcc/arm-none-eabi/10.3.1/../../../../arm-none-eabi/lib/thumb/v8-m.main+fp/hard\libg_nano.a(lib_a-findfp.o)
                0x00002104                __sf_fake_stdin
 .rodata.__sf_fake_stdout
                0x00002124       0x20 d:/renesas/ra/e2studio_v2022-10_fsp_v4.1.0/toolchains/gcc_arm/gcc-arm-none-eabi-10.3-2021.10/bin/../lib/gcc/arm-none-eabi/10.3.1/../../../../arm-none-eabi/lib/thumb/v8-m.main+fp/hard\libg_nano.a(lib_a-findfp.o)
                0x00002124                __sf_fake_stdout
                0x00002144                __usb_dev_descriptor_start_fs = .
 *(.usb_device_desc_fs*)
                0x00002144                __usb_cfg_descriptor_start_fs = .
 *(.usb_config_desc_fs*)
                0x00002144                __usb_interface_descriptor_start_fs = .
 *(.usb_interface_desc_fs*)
                0x00002144                __usb_descriptor_end_fs = .
                0x00002144                __usb_dev_descriptor_start_hs = .
 *(.usb_device_desc_hs*)
                0x00002144                __usb_cfg_descriptor_start_hs = .
 *(.usb_config_desc_hs*)
                0x00002144                __usb_interface_descriptor_start_hs = .
 *(.usb_interface_desc_hs*)
                0x00002144                __usb_descriptor_end_hs = .
 *(.eh_frame*)
 .eh_frame      0x00002144        0x0 d:/renesas/ra/e2studio_v2022-10_fsp_v4.1.0/toolchains/gcc_arm/gcc-arm-none-eabi-10.3-2021.10/bin/../lib/gcc/arm-none-eabi/10.3.1/thumb/v8-m.main+fp/hard/crtbegin.o
 .eh_frame      0x00002144        0x4 d:/renesas/ra/e2studio_v2022-10_fsp_v4.1.0/toolchains/gcc_arm/gcc-arm-none-eabi-10.3-2021.10/bin/../lib/gcc/arm-none-eabi/10.3.1/thumb/v8-m.main+fp/hard/crtend.o
                0x00002148                __ROM_End = .
                0x000001c0                __Vectors_Size = (__Vectors_End - __Vectors)

.glue_7         0x00002148        0x0
 .glue_7        0x00002148        0x0 linker stubs

.glue_7t        0x00002148        0x0
 .glue_7t       0x00002148        0x0 linker stubs

.vfp11_veneer   0x00002148        0x0
 .vfp11_veneer  0x00002148        0x0 linker stubs

.v4_bx          0x00002148        0x0
 .v4_bx         0x00002148        0x0 linker stubs

.iplt           0x00002148        0x0
 .iplt          0x00002148        0x0 d:/renesas/ra/e2studio_v2022-10_fsp_v4.1.0/toolchains/gcc_arm/gcc-arm-none-eabi-10.3-2021.10/bin/../lib/gcc/arm-none-eabi/10.3.1/thumb/v8-m.main+fp/hard/crtbegin.o

.ARM.extab
 *(.ARM.extab* .gnu.linkonce.armextab.*)
                0x00002148                __exidx_start = .

.ARM.exidx
 *(.ARM.exidx* .gnu.linkonce.armexidx.*)
                0x00002148                __exidx_end = .
                0x00002148                __etext = .
                0x20000000                __tz_RAM_S = ORIGIN (RAM)

.fsp_dtc_vector_table
                0x20000000        0x0
                0x20000000                . = ORIGIN (RAM)
 *(.fsp_dtc_vector_table)

.data           0x20000000       0x70 load address 0x00002148
                0x20000000                __data_start__ = .
                0x20000000                . = ALIGN (0x4)
                0x20000000                __Code_In_RAM_Start = .
 *(.code_in_ram*)
                0x20000000                __Code_In_RAM_End = .
 *(vtable)
 *(.data.*)
 .data.g_uart_baud_setting
                0x20000000        0x4 ./ra_gen/hal_data.o
                0x20000000                g_uart_baud_setting
 .data._impure_ptr
                0x20000004        0x4 d:/renesas/ra/e2studio_v2022-10_fsp_v4.1.0/toolchains/gcc_arm/gcc-arm-none-eabi-10.3-2021.10/bin/../lib/gcc/arm-none-eabi/10.3.1/../../../../arm-none-eabi/lib/thumb/v8-m.main+fp/hard\libg_nano.a(lib_a-impure.o)
                0x20000004                _impure_ptr
 .data.impure_data
                0x20000008       0x60 d:/renesas/ra/e2studio_v2022-10_fsp_v4.1.0/toolchains/gcc_arm/gcc-arm-none-eabi-10.3-2021.10/bin/../lib/gcc/arm-none-eabi/10.3.1/../../../../arm-none-eabi/lib/thumb/v8-m.main+fp/hard\libg_nano.a(lib_a-impure.o)
 *(.data)
                0x20000068                . = ALIGN (0x4)
                0x20000068                PROVIDE (__preinit_array_start = .)
 *(.preinit_array)
                0x20000068                PROVIDE (__preinit_array_end = .)
                0x20000068                . = ALIGN (0x4)
                0x20000068                PROVIDE (__init_array_start = .)
 *(SORT_BY_NAME(.init_array.*))
 *(.init_array)
 .init_array    0x20000068        0x4 d:/renesas/ra/e2studio_v2022-10_fsp_v4.1.0/toolchains/gcc_arm/gcc-arm-none-eabi-10.3-2021.10/bin/../lib/gcc/arm-none-eabi/10.3.1/thumb/v8-m.main+fp/hard/crtbegin.o
                0x2000006c                PROVIDE (__init_array_end = .)
                0x2000006c                . = ALIGN (0x4)
                [!provide]                PROVIDE (__fini_array_start = .)
 *(SORT_BY_NAME(.fini_array.*))
 *(.fini_array)
 .fini_array    0x2000006c        0x4 d:/renesas/ra/e2studio_v2022-10_fsp_v4.1.0/toolchains/gcc_arm/gcc-arm-none-eabi-10.3-2021.10/bin/../lib/gcc/arm-none-eabi/10.3.1/thumb/v8-m.main+fp/hard/crtbegin.o
                [!provide]                PROVIDE (__fini_array_end = .)
 *(.jcr*)
                0x20000070                . = ALIGN (0x4)
                0x20000070                __data_end__ = .
                0x000021b8                __dtcm_data_init_start = ((__etext + __data_end__) - __data_start__)

.igot.plt       0x20000070        0x0 load address 0x000021b8
 .igot.plt      0x20000070        0x0 d:/renesas/ra/e2studio_v2022-10_fsp_v4.1.0/toolchains/gcc_arm/gcc-arm-none-eabi-10.3-2021.10/bin/../lib/gcc/arm-none-eabi/10.3.1/thumb/v8-m.main+fp/hard/crtbegin.o

.dtcm_data      0x00000000        0x0 load address 0x000021b8
                0x00000000                __tz_DTCM_S = ABSOLUTE (DTCM_START)
                0x00000000                __dtcm_data_start__ = .
 *(.dtcm_data*)
                0x00000000                __dtcm_data_end__ = .

.dtcm_noinit    0x00000000        0x0 load address 0x000021b8
                0x00000000                __dtcm_noinit_start = .
 *(.dtcm_noinit*)
                0x00000000                __dtcm_noinit_end = .
                0x00000000                __tz_DTCM_N = DEFINED (DTCM_NS_START)?ABSOLUTE (DTCM_NS_START):ALIGN (__dtcm_noinit_end, 0x2000)
                0x000021b8                DATA_END = (LOADADDR (.data) + SIZEOF (.data))
                0x00002400                SGSTUBS_LOC = (DEFINED (PROJECT_SECURE) && DEFINED (FLASH_NSC_START))?ABSOLUTE (FLASH_NSC_START):ALIGN (DATA_END, 0x400)

.gnu.sgstubs    0x00002400        0x0
                0x00002400                __tz_FLASH_C = DEFINED (FLASH_NSC_START)?ABSOLUTE (FLASH_NSC_START):__RESERVE_NS_RAM?ABSOLUTE ((FLASH_START + FLASH_LENGTH)):ALIGN (0x400)
                0x00002400                _start_sg = .
 *(.gnu.sgstubs*)
                0x00002400                . = ALIGN (0x20)
                0x00002400                _end_sg = .
                0x00008000                __tz_FLASH_N = DEFINED (FLASH_NS_START)?ABSOLUTE (FLASH_NS_START):__RESERVE_NS_RAM?ABSOLUTE ((FLASH_START + FLASH_LENGTH)):(FLASH_LENGTH < 0x8000)?FLASH_LENGTH:ALIGN (0x8000)
                0x00008000                FLASH_NS_IMAGE_START = DEFINED (FLASH_NS_IMAGE_START)?FLASH_NS_IMAGE_START:__tz_FLASH_N
                0x60000000                __tz_QSPI_FLASH_S = ORIGIN (QSPI_FLASH)

.qspi_flash     0x60000000        0x0
                0x60000000                __qspi_flash_start__ = .
 *(.qspi_flash*)
 *(.code_in_qspi*)
                0x60000000                __qspi_flash_end__ = .
                0x00000000                __qspi_flash_code_size__ = (__qspi_flash_end__ - __qspi_flash_start__)
                0x000021b8                __qspi_flash_code_addr__ = (__etext + (__data_end__ - __data_start__))

.qspi_non_retentive
                0x60000000        0x0 load address 0x000021b8
                0x60000000                __qspi_non_retentive_start__ = .
 *(.qspi_non_retentive*)
                0x60000000                __qspi_non_retentive_end__ = .
                0x00000000                __qspi_non_retentive_size__ = (__qspi_non_retentive_end__ - __qspi_non_retentive_start__)
                0x04000000                __qspi_region_max_size__ = 0x4000000
                0x60000000                __qspi_region_start_address__ = __qspi_flash_start__
                0x64000000                __qspi_region_end_address__ = (__qspi_flash_start__ + __qspi_region_max_size__)
                0x60000000                __tz_QSPI_FLASH_N = __qspi_non_retentive_end__

.OSPI_DEVICE_0_NO_LOAD
                0x00000000        0x0
                0x00000000                . = ALIGN (0x4)
                0x00000000                __ospi_device_0_start__ = .
 *(.ospi_device_0_no_load*)
                0x00000000                . = ALIGN (0x4)
                0x00000000                __ospi_device_0_end__ = .

.OSPI_DEVICE_1_NO_LOAD
                0x00000000        0x0
                0x00000000                . = ALIGN (0x4)
                0x00000000                __ospi_device_1_start__ = .
 *(.ospi_device_1_no_load*)
                0x00000000                . = ALIGN (0x4)
                0x00000000                __ospi_device_1_end__ = .
                0x00000000                __tz_OSPI_DEVICE_0_S = ORIGIN (OSPI_DEVICE_0)

.OSPI_DEVICE_0  0x00000000        0x0
                0x00000000                __ospi_device_0_start__ = .
 *(.ospi_device_0*)
 *(.code_in_ospi_device_0*)
                0x00000000                __ospi_device_0_end__ = .
                0x00000000                __ospi_device_0_code_size__ = (__ospi_device_0_end__ - __ospi_device_0_start__)
                0x000021b8                __ospi_device_0_code_addr__ = (__etext + (__data_end__ - __data_start__))

.ospi_device_0_non_retentive
                0x00000000        0x0 load address 0x000021b8
                0x00000000                __ospi_device_0_non_retentive_start__ = .
 *(.ospi_device_0_non_retentive*)
                0x00000000                __ospi_device_0_non_retentive_end__ = .
                0x00000000                __ospi_device_0_non_retentive_size__ = (__ospi_device_0_non_retentive_end__ - __ospi_device_0_non_retentive_start__)
                0x08000000                __ospi_device_0_region_max_size__ = 0x8000000
                0x00000000                __ospi_device_0_region_start_address__ = __ospi_device_0_start__
                0x08000000                __ospi_device_0_region_end_address__ = (__ospi_device_0_start__ + __ospi_device_0_region_max_size__)
                0x00000000                __tz_OSPI_DEVICE_0_N = __ospi_device_0_non_retentive_end__
                0x00000000                __tz_OSPI_DEVICE_1_S = ORIGIN (OSPI_DEVICE_1)

.OSPI_DEVICE_1  0x00000000        0x0
                0x00000000                __ospi_device_1_start__ = .
 *(.ospi_device_1*)
 *(.code_in_ospi_device_1*)
                0x00000000                __ospi_device_1_end__ = .
                0x00000000                __ospi_device_1_code_size__ = (__ospi_device_1_end__ - __ospi_device_1_start__)
                0x000021b8                __ospi_device_1_code_addr__ = (__etext + (__data_end__ - __data_start__))

.ospi_device_1_non_retentive
                0x00000000        0x0 load address 0x000021b8
                0x00000000                __ospi_device_1_non_retentive_start__ = .
 *(.ospi_device_1_non_retentive*)
                0x00000000                __ospi_device_1_non_retentive_end__ = .
                0x00000000                __ospi_device_1_non_retentive_size__ = (__ospi_device_1_non_retentive_end__ - __ospi_device_1_non_retentive_start__)
                0x10000000                __ospi_device_1_region_max_size__ = 0x10000000
                0x00000000                __ospi_device_1_region_start_address__ = __ospi_device_1_start__
                0x10000000                __ospi_device_1_region_end_address__ = (__ospi_device_1_start__ + __ospi_device_1_region_max_size__)
                0x00000000                __tz_OSPI_DEVICE_1_N = __ospi_device_1_non_retentive_end__

.noinit         0x20000070       0x20
                0x20000070                . = ALIGN (0x4)
                0x20000070                __noinit_start = .
 *(.noinit*)
 .noinit        0x20000070       0x1c ./ra/fsp/src/bsp/mcu/all/bsp_clocks.o
                0x20000090                . = ALIGN (0x8)
 *fill*         0x2000008c        0x4 
 *(.heap.*)
                0x20000090                __noinit_end = .

.bss            0x20000090      0x2dc
                0x20000090                . = ALIGN (0x4)
                0x20000090                __bss_start__ = .
 *(.bss*)
 .bss           0x20000090       0x1c d:/renesas/ra/e2studio_v2022-10_fsp_v4.1.0/toolchains/gcc_arm/gcc-arm-none-eabi-10.3-2021.10/bin/../lib/gcc/arm-none-eabi/10.3.1/thumb/v8-m.main+fp/hard/crtbegin.o
 .bss.uart_send_complete_flag
                0x200000ac        0x1 ./src/hal_entry.o
                0x200000ac                uart_send_complete_flag
 *fill*         0x200000ad        0x3 
 .bss.g_ioport_ctrl
                0x200000b0        0x8 ./ra_gen/common_data.o
                0x200000b0                g_ioport_ctrl
 .bss.g_uart_ctrl
                0x200000b8       0x30 ./ra_gen/hal_data.o
                0x200000b8                g_uart_ctrl
 .bss.g_bsp_group_irq_sources
                0x200000e8       0x40 ./ra/fsp/src/bsp/mcu/all/bsp_group_irq.o
                0x200000e8                g_bsp_group_irq_sources
 .bss.g_protect_pfswe_counter
                0x20000128        0x4 ./ra/fsp/src/bsp/mcu/all/bsp_io.o
                0x20000128                g_protect_pfswe_counter
 .bss.gp_renesas_isr_context
                0x2000012c      0x180 ./ra/fsp/src/bsp/mcu/all/bsp_irq.o
                0x2000012c                gp_renesas_isr_context
 .bss.g_protect_counters
                0x200002ac        0x8 ./ra/fsp/src/bsp/mcu/all/bsp_register_protection.o
                0x200002ac                g_protect_counters
 .bss.current_heap_end.0
                0x200002b4        0x4 ./ra/fsp/src/bsp/mcu/all/bsp_sbrk.o
 .bss.SystemCoreClock
                0x200002b8        0x4 ./ra/fsp/src/bsp/cmsis/Device/RENESAS/Source/system.o
                0x200002b8                SystemCoreClock
 .bss.__lock___malloc_recursive_mutex
                0x200002bc        0x1 d:/renesas/ra/e2studio_v2022-10_fsp_v4.1.0/toolchains/gcc_arm/gcc-arm-none-eabi-10.3-2021.10/bin/../lib/gcc/arm-none-eabi/10.3.1/../../../../arm-none-eabi/lib/thumb/v8-m.main+fp/hard\libg_nano.a(lib_a-lock.o)
                0x200002bc                __lock___malloc_recursive_mutex
 .bss.__lock___sfp_recursive_mutex
                0x200002bd        0x1 d:/renesas/ra/e2studio_v2022-10_fsp_v4.1.0/toolchains/gcc_arm/gcc-arm-none-eabi-10.3-2021.10/bin/../lib/gcc/arm-none-eabi/10.3.1/../../../../arm-none-eabi/lib/thumb/v8-m.main+fp/hard\libg_nano.a(lib_a-lock.o)
                0x200002bd                __lock___sfp_recursive_mutex
 .bss.__lock___sinit_recursive_mutex
                0x200002be        0x1 d:/renesas/ra/e2studio_v2022-10_fsp_v4.1.0/toolchains/gcc_arm/gcc-arm-none-eabi-10.3-2021.10/bin/../lib/gcc/arm-none-eabi/10.3.1/../../../../arm-none-eabi/lib/thumb/v8-m.main+fp/hard\libg_nano.a(lib_a-lock.o)
                0x200002be                __lock___sinit_recursive_mutex
 *fill*         0x200002bf        0x1 
 .bss.__malloc_free_list
                0x200002c0        0x4 d:/renesas/ra/e2studio_v2022-10_fsp_v4.1.0/toolchains/gcc_arm/gcc-arm-none-eabi-10.3-2021.10/bin/../lib/gcc/arm-none-eabi/10.3.1/../../../../arm-none-eabi/lib/thumb/v8-m.main+fp/hard\libg_nano.a(lib_a-nano-mallocr.o)
                0x200002c0                __malloc_free_list
 .bss.__malloc_sbrk_start
                0x200002c4        0x4 d:/renesas/ra/e2studio_v2022-10_fsp_v4.1.0/toolchains/gcc_arm/gcc-arm-none-eabi-10.3-2021.10/bin/../lib/gcc/arm-none-eabi/10.3.1/../../../../arm-none-eabi/lib/thumb/v8-m.main+fp/hard\libg_nano.a(lib_a-nano-mallocr.o)
                0x200002c4                __malloc_sbrk_start
 .bss.errno     0x200002c8        0x4 d:/renesas/ra/e2studio_v2022-10_fsp_v4.1.0/toolchains/gcc_arm/gcc-arm-none-eabi-10.3-2021.10/bin/../lib/gcc/arm-none-eabi/10.3.1/../../../../arm-none-eabi/lib/thumb/v8-m.main+fp/hard\libg_nano.a(lib_a-reent.o)
                0x200002c8                errno
 .bss.openfiles
                0x200002cc       0xa0 d:/renesas/ra/e2studio_v2022-10_fsp_v4.1.0/toolchains/gcc_arm/gcc-arm-none-eabi-10.3-2021.10/bin/../lib/gcc/arm-none-eabi/10.3.1/../../../../arm-none-eabi/lib/thumb/v8-m.main+fp/hard\librdimon_nano.a(rdimon-syscalls.o)
 *(COMMON)
                0x2000036c                . = ALIGN (0x4)
                0x2000036c                __bss_end__ = .

.heap           0x20000370      0x400
                0x20000370                . = ALIGN (0x8)
                0x20000370                __HeapBase = .
 *(.heap)
 .heap          0x20000370      0x400 ./ra/fsp/src/bsp/cmsis/Device/RENESAS/Source/startup.o
                0x20000770                __HeapLimit = .

.stack_dummy    0x20000770      0x400
                0x20000770                . = ALIGN (0x8)
                0x20000770                __StackLimit = .
 *(.stack)
 .stack         0x20000770      0x400 ./ra/fsp/src/bsp/cmsis/Device/RENESAS/Source/startup.o
                0x20000b70                __StackTop = .
 *(.stack*)
                0x20000b70                __StackTopAll = .
                0x20000b70                PROVIDE (__stack = __StackTopAll)
                0x20000b70                __RAM_segment_used_end__ = ALIGN (__StackTopAll, 0x4)
                0x20000c00                __tz_RAM_C = DEFINED (RAM_NSC_START)?ABSOLUTE (RAM_NSC_START):__RESERVE_NS_RAM?ABSOLUTE (RAM_NS_BUFFER_BLOCK_START):ALIGN (__RAM_segment_used_end__, 0x400)
                0x20002000                __tz_RAM_N = DEFINED (RAM_NS_START)?ABSOLUTE (RAM_NS_START):__RESERVE_NS_RAM?ABSOLUTE (RAM_NS_BUFFER_BLOCK_START):ALIGN (__tz_RAM_C, 0x2000)

.ns_buffer      0x20000b70        0x0
                0x20000b70                . = __RESERVE_NS_RAM?ABSOLUTE ((RAM_NS_BUFFER_START & 0xffffffe0)):.
 *(.ns_buffer*)

.data_flash     0x08000000        0x0
                0x08000000                . = ORIGIN (DATA_FLASH)
                0x08000000                __tz_DATA_FLASH_S = .
                0x08000000                __Data_Flash_Start = .
 *(.data_flash*)
                0x08000000                __Data_Flash_End = .
                0x08000000                __tz_DATA_FLASH_N = DEFINED (DATA_FLASH_NS_START)?ABSOLUTE (DATA_FLASH_NS_START):__RESERVE_NS_RAM?ABSOLUTE ((DATA_FLASH_START + DATA_FLASH_LENGTH)):ALIGN (0x400)
                0x00000000                __tz_SDRAM_S = ORIGIN (SDRAM)

.sdram          0x00000000        0x0
                0x00000000                __SDRAM_Start = .
 *(.sdram*)
 *(.frame*)
                0x00000000                __SDRAM_End = .
                0x00000000                __tz_SDRAM_N = __SDRAM_End
                0x00000000                __tz_ID_CODE_S = ORIGIN (ID_CODE)

.id_code        0x00000000        0x0
                0x00000000                __ID_Code_Start = .
 *(.id_code*)
                0x00000000                __ID_Code_End = .
                0x00000000                __tz_ID_CODE_N = __ID_Code_End
                0x0100a100                __tz_OPTION_SETTING_S = ORIGIN (OPTION_SETTING)

.option_setting
                0x0100a100       0x38
                0x0100a100                __OPTION_SETTING_Start = .
 *(.option_setting_ofs0)
 .option_setting_ofs0
                0x0100a100        0x4 ./ra/fsp/src/bsp/mcu/all/bsp_rom_registers.o
                0x0100a104                . = PROJECT_SECURE_OR_FLAT?(__OPTION_SETTING_Start + 0x4):__OPTION_SETTING_Start
 *(.option_setting_ofs2)
                0x0100a110                . = PROJECT_SECURE_OR_FLAT?(__OPTION_SETTING_Start + 0x10):__OPTION_SETTING_Start
 *fill*         0x0100a104        0xc ff
 *(.option_setting_dualsel)
 .option_setting_dualsel
                0x0100a110        0x4 ./ra/fsp/src/bsp/mcu/all/bsp_rom_registers.o
                0x0100a134                . = PROJECT_SECURE_OR_FLAT?(__OPTION_SETTING_Start + 0x34):__OPTION_SETTING_Start
 *fill*         0x0100a114       0x20 ff
 *(.option_setting_sas)
 .option_setting_sas
                0x0100a134        0x4 ./ra/fsp/src/bsp/mcu/all/bsp_rom_registers.o
                0x0100a138                __OPTION_SETTING_End = .
                0x0100a180                __tz_OPTION_SETTING_N = ABSOLUTE (OPTION_SETTING_START_NS)

.option_setting_ns
                0x0100a138        0x0
                0x0100a138                __OPTION_SETTING_NS_Start = .
 *(.option_setting_ofs1)
                0x0100a138                . = USE_OPTION_SETTING_NS?(__OPTION_SETTING_NS_Start + 0x4):__OPTION_SETTING_NS_Start
 *(.option_setting_ofs3)
                0x0100a138                . = USE_OPTION_SETTING_NS?(__OPTION_SETTING_NS_Start + 0x10):__OPTION_SETTING_NS_Start
 *(.option_setting_banksel)
                0x0100a138                . = USE_OPTION_SETTING_NS?(__OPTION_SETTING_NS_Start + 0x40):__OPTION_SETTING_NS_Start
 *(.option_setting_bps0)
                0x0100a138                . = USE_OPTION_SETTING_NS?(__OPTION_SETTING_NS_Start + 0x44):__OPTION_SETTING_NS_Start
 *(.option_setting_bps1)
                0x0100a138                . = USE_OPTION_SETTING_NS?(__OPTION_SETTING_NS_Start + 0x48):__OPTION_SETTING_NS_Start
 *(.option_setting_bps2)
                0x0100a138                . = USE_OPTION_SETTING_NS?(__OPTION_SETTING_NS_Start + 0x4c):__OPTION_SETTING_NS_Start
 *(.option_setting_bps3)
                0x0100a138                . = USE_OPTION_SETTING_NS?(__OPTION_SETTING_NS_Start + 0x60):__OPTION_SETTING_NS_Start
 *(.option_setting_pbps0)
                0x0100a138                . = USE_OPTION_SETTING_NS?(__OPTION_SETTING_NS_Start + 0x64):__OPTION_SETTING_NS_Start
 *(.option_setting_pbps1)
                0x0100a138                . = USE_OPTION_SETTING_NS?(__OPTION_SETTING_NS_Start + 0x68):__OPTION_SETTING_NS_Start
 *(.option_setting_pbps2)
                0x0100a138                . = USE_OPTION_SETTING_NS?(__OPTION_SETTING_NS_Start + 0x6c):__OPTION_SETTING_NS_Start
 *(.option_setting_pbps3)
                0x0100a138                __OPTION_SETTING_NS_End = .
                0x0100a200                __tz_OPTION_SETTING_S_S = ORIGIN (OPTION_SETTING_S)

.option_setting_s
                0x0100a200       0xd0
                0x0100a200                __OPTION_SETTING_S_Start = .
 *(.option_setting_ofs1_sec)
 .option_setting_ofs1_sec
                0x0100a200        0x4 ./ra/fsp/src/bsp/mcu/all/bsp_rom_registers.o
                0x0100a204                . = PROJECT_SECURE_OR_FLAT?(__OPTION_SETTING_S_Start + 0x4):__OPTION_SETTING_S_Start
 *(.option_setting_ofs3_sec)
                0x0100a210                . = PROJECT_SECURE_OR_FLAT?(__OPTION_SETTING_S_Start + 0x10):__OPTION_SETTING_S_Start
 *fill*         0x0100a204        0xc ff
 *(.option_setting_banksel_sec)
 .option_setting_banksel_sec
                0x0100a210        0x4 ./ra/fsp/src/bsp/mcu/all/bsp_rom_registers.o
                0x0100a240                . = PROJECT_SECURE_OR_FLAT?(__OPTION_SETTING_S_Start + 0x40):__OPTION_SETTING_S_Start
 *fill*         0x0100a214       0x2c ff
 *(.option_setting_bps_sec0)
 .option_setting_bps_sec0
                0x0100a240        0x4 ./ra/fsp/src/bsp/mcu/all/bsp_rom_registers.o
                0x0100a244                . = PROJECT_SECURE_OR_FLAT?(__OPTION_SETTING_S_Start + 0x44):__OPTION_SETTING_S_Start
 *(.option_setting_bps_sec1)
 .option_setting_bps_sec1
                0x0100a244        0x4 ./ra/fsp/src/bsp/mcu/all/bsp_rom_registers.o
                0x0100a248                . = PROJECT_SECURE_OR_FLAT?(__OPTION_SETTING_S_Start + 0x48):__OPTION_SETTING_S_Start
 *(.option_setting_bps_sec2)
 .option_setting_bps_sec2
                0x0100a248        0x4 ./ra/fsp/src/bsp/mcu/all/bsp_rom_registers.o
                0x0100a24c                . = PROJECT_SECURE_OR_FLAT?(__OPTION_SETTING_S_Start + 0x4c):__OPTION_SETTING_S_Start
 *(.option_setting_bps_sec3)
 .option_setting_bps_sec3
                0x0100a24c        0x4 ./ra/fsp/src/bsp/mcu/all/bsp_rom_registers.o
                0x0100a260                . = PROJECT_SECURE_OR_FLAT?(__OPTION_SETTING_S_Start + 0x60):__OPTION_SETTING_S_Start
 *fill*         0x0100a250       0x10 ff
 *(.option_setting_pbps_sec0)
 .option_setting_pbps_sec0
                0x0100a260        0x4 ./ra/fsp/src/bsp/mcu/all/bsp_rom_registers.o
                0x0100a264                . = PROJECT_SECURE_OR_FLAT?(__OPTION_SETTING_S_Start + 0x64):__OPTION_SETTING_S_Start
 *(.option_setting_pbps_sec1)
 .option_setting_pbps_sec1
                0x0100a264        0x4 ./ra/fsp/src/bsp/mcu/all/bsp_rom_registers.o
                0x0100a268                . = PROJECT_SECURE_OR_FLAT?(__OPTION_SETTING_S_Start + 0x68):__OPTION_SETTING_S_Start
 *(.option_setting_pbps_sec2)
 .option_setting_pbps_sec2
                0x0100a268        0x4 ./ra/fsp/src/bsp/mcu/all/bsp_rom_registers.o
                0x0100a26c                . = PROJECT_SECURE_OR_FLAT?(__OPTION_SETTING_S_Start + 0x6c):__OPTION_SETTING_S_Start
 *(.option_setting_pbps_sec3)
 .option_setting_pbps_sec3
                0x0100a26c        0x4 ./ra/fsp/src/bsp/mcu/all/bsp_rom_registers.o
                0x0100a280                . = PROJECT_SECURE_OR_FLAT?(__OPTION_SETTING_S_Start + 0x80):__OPTION_SETTING_S_Start
 *fill*         0x0100a270       0x10 ff
 *(.option_setting_ofs1_sel)
 .option_setting_ofs1_sel
                0x0100a280        0x4 ./ra/fsp/src/bsp/mcu/all/bsp_rom_registers.o
                0x0100a284                . = PROJECT_SECURE_OR_FLAT?(__OPTION_SETTING_S_Start + 0x84):__OPTION_SETTING_S_Start
 *(.option_setting_ofs3_sel)
                0x0100a290                . = PROJECT_SECURE_OR_FLAT?(__OPTION_SETTING_S_Start + 0x90):__OPTION_SETTING_S_Start
 *fill*         0x0100a284        0xc ff
 *(.option_setting_banksel_sel)
 .option_setting_banksel_sel
                0x0100a290        0x4 ./ra/fsp/src/bsp/mcu/all/bsp_rom_registers.o
                0x0100a2c0                . = PROJECT_SECURE_OR_FLAT?(__OPTION_SETTING_S_Start + 0xc0):__OPTION_SETTING_S_Start
 *fill*         0x0100a294       0x2c ff
 *(.option_setting_bps_sel0)
 .option_setting_bps_sel0
                0x0100a2c0        0x4 ./ra/fsp/src/bsp/mcu/all/bsp_rom_registers.o
                0x0100a2c4                . = PROJECT_SECURE_OR_FLAT?(__OPTION_SETTING_S_Start + 0xc4):__OPTION_SETTING_S_Start
 *(.option_setting_bps_sel1)
 .option_setting_bps_sel1
                0x0100a2c4        0x4 ./ra/fsp/src/bsp/mcu/all/bsp_rom_registers.o
                0x0100a2c8                . = PROJECT_SECURE_OR_FLAT?(__OPTION_SETTING_S_Start + 0xc8):__OPTION_SETTING_S_Start
 *(.option_setting_bps_sel2)
 .option_setting_bps_sel2
                0x0100a2c8        0x4 ./ra/fsp/src/bsp/mcu/all/bsp_rom_registers.o
                0x0100a2cc                . = PROJECT_SECURE_OR_FLAT?(__OPTION_SETTING_S_Start + 0xcc):__OPTION_SETTING_S_Start
 *(.option_setting_bps_sel3)
 .option_setting_bps_sel3
                0x0100a2cc        0x4 ./ra/fsp/src/bsp/mcu/all/bsp_rom_registers.o
                0x0100a2d0                __OPTION_SETTING_S_End = .
                0x0100a2d0                __tz_OPTION_SETTING_S_N = __OPTION_SETTING_S_End
OUTPUT(uart_test.elf elf32-littlearm)
LOAD linker stubs

.rel.dyn        0x0100a2d0        0x0
 .rel.iplt      0x0100a2d0        0x0 d:/renesas/ra/e2studio_v2022-10_fsp_v4.1.0/toolchains/gcc_arm/gcc-arm-none-eabi-10.3-2021.10/bin/../lib/gcc/arm-none-eabi/10.3.1/thumb/v8-m.main+fp/hard/crtbegin.o

.ARM.attributes
                0x00000000       0x36
 .ARM.attributes
                0x00000000       0x22 d:/renesas/ra/e2studio_v2022-10_fsp_v4.1.0/toolchains/gcc_arm/gcc-arm-none-eabi-10.3-2021.10/bin/../lib/gcc/arm-none-eabi/10.3.1/thumb/v8-m.main+fp/hard/crti.o
 .ARM.attributes
                0x00000022       0x38 d:/renesas/ra/e2studio_v2022-10_fsp_v4.1.0/toolchains/gcc_arm/gcc-arm-none-eabi-10.3-2021.10/bin/../lib/gcc/arm-none-eabi/10.3.1/thumb/v8-m.main+fp/hard/crtbegin.o
 .ARM.attributes
                0x0000005a       0x3a ./src/hal_entry.o
 .ARM.attributes
                0x00000094       0x3a ./ra_gen/common_data.o
 .ARM.attributes
                0x000000ce       0x3a ./ra_gen/hal_data.o
 .ARM.attributes
                0x00000108       0x3a ./ra_gen/main.o
 .ARM.attributes
                0x00000142       0x3a ./ra_gen/pin_data.o
 .ARM.attributes
                0x0000017c       0x3a ./ra_gen/vector_data.o
 .ARM.attributes
                0x000001b6       0x3a ./ra/fsp/src/r_sci_uart/r_sci_uart.o
 .ARM.attributes
                0x000001f0       0x3a ./ra/fsp/src/r_ioport/r_ioport.o
 .ARM.attributes
                0x0000022a       0x3a ./ra/fsp/src/bsp/mcu/all/bsp_clocks.o
 .ARM.attributes
                0x00000264       0x3a ./ra/fsp/src/bsp/mcu/all/bsp_common.o
 .ARM.attributes
                0x0000029e       0x3a ./ra/fsp/src/bsp/mcu/all/bsp_delay.o
 .ARM.attributes
                0x000002d8       0x3a ./ra/fsp/src/bsp/mcu/all/bsp_group_irq.o
 .ARM.attributes
                0x00000312       0x3a ./ra/fsp/src/bsp/mcu/all/bsp_io.o
 .ARM.attributes
                0x0000034c       0x3a ./ra/fsp/src/bsp/mcu/all/bsp_irq.o
 .ARM.attributes
                0x00000386       0x3a ./ra/fsp/src/bsp/mcu/all/bsp_register_protection.o
 .ARM.attributes
                0x000003c0       0x3a ./ra/fsp/src/bsp/mcu/all/bsp_rom_registers.o
 .ARM.attributes
                0x000003fa       0x3a ./ra/fsp/src/bsp/mcu/all/bsp_sbrk.o
 .ARM.attributes
                0x00000434       0x3a ./ra/fsp/src/bsp/cmsis/Device/RENESAS/Source/startup.o
 .ARM.attributes
                0x0000046e       0x3a ./ra/fsp/src/bsp/cmsis/Device/RENESAS/Source/system.o
 .ARM.attributes
                0x000004a8       0x3a ./ra/board/ra6m4_ek/board_init.o
 .ARM.attributes
                0x000004e2       0x38 d:/renesas/ra/e2studio_v2022-10_fsp_v4.1.0/toolchains/gcc_arm/gcc-arm-none-eabi-10.3-2021.10/bin/../lib/gcc/arm-none-eabi/10.3.1/../../../../arm-none-eabi/lib/thumb/v8-m.main+fp/hard\libg_nano.a(lib_a-errno.o)
 .ARM.attributes
                0x0000051a       0x38 d:/renesas/ra/e2studio_v2022-10_fsp_v4.1.0/toolchains/gcc_arm/gcc-arm-none-eabi-10.3-2021.10/bin/../lib/gcc/arm-none-eabi/10.3.1/../../../../arm-none-eabi/lib/thumb/v8-m.main+fp/hard\libg_nano.a(lib_a-getchar.o)
 .ARM.attributes
                0x00000552       0x38 d:/renesas/ra/e2studio_v2022-10_fsp_v4.1.0/toolchains/gcc_arm/gcc-arm-none-eabi-10.3-2021.10/bin/../lib/gcc/arm-none-eabi/10.3.1/../../../../arm-none-eabi/lib/thumb/v8-m.main+fp/hard\libg_nano.a(lib_a-impure.o)
 .ARM.attributes
                0x0000058a       0x38 d:/renesas/ra/e2studio_v2022-10_fsp_v4.1.0/toolchains/gcc_arm/gcc-arm-none-eabi-10.3-2021.10/bin/../lib/gcc/arm-none-eabi/10.3.1/../../../../arm-none-eabi/lib/thumb/v8-m.main+fp/hard\libg_nano.a(lib_a-memcpy-stub.o)
 .ARM.attributes
                0x000005c2       0x38 d:/renesas/ra/e2studio_v2022-10_fsp_v4.1.0/toolchains/gcc_arm/gcc-arm-none-eabi-10.3-2021.10/bin/../lib/gcc/arm-none-eabi/10.3.1/../../../../arm-none-eabi/lib/thumb/v8-m.main+fp/hard\libg_nano.a(lib_a-memset.o)
 .ARM.attributes
                0x000005fa       0x38 d:/renesas/ra/e2studio_v2022-10_fsp_v4.1.0/toolchains/gcc_arm/gcc-arm-none-eabi-10.3-2021.10/bin/../lib/gcc/arm-none-eabi/10.3.1/../../../../arm-none-eabi/lib/thumb/v8-m.main+fp/hard\libg_nano.a(lib_a-findfp.o)
 .ARM.attributes
                0x00000632       0x38 d:/renesas/ra/e2studio_v2022-10_fsp_v4.1.0/toolchains/gcc_arm/gcc-arm-none-eabi-10.3-2021.10/bin/../lib/gcc/arm-none-eabi/10.3.1/../../../../arm-none-eabi/lib/thumb/v8-m.main+fp/hard\libg_nano.a(lib_a-fwalk.o)
 .ARM.attributes
                0x0000066a       0x38 d:/renesas/ra/e2studio_v2022-10_fsp_v4.1.0/toolchains/gcc_arm/gcc-arm-none-eabi-10.3-2021.10/bin/../lib/gcc/arm-none-eabi/10.3.1/../../../../arm-none-eabi/lib/thumb/v8-m.main+fp/hard\libg_nano.a(lib_a-getc.o)
 .ARM.attributes
                0x000006a2       0x38 d:/renesas/ra/e2studio_v2022-10_fsp_v4.1.0/toolchains/gcc_arm/gcc-arm-none-eabi-10.3-2021.10/bin/../lib/gcc/arm-none-eabi/10.3.1/../../../../arm-none-eabi/lib/thumb/v8-m.main+fp/hard\libg_nano.a(lib_a-lock.o)
 .ARM.attributes
                0x000006da       0x38 d:/renesas/ra/e2studio_v2022-10_fsp_v4.1.0/toolchains/gcc_arm/gcc-arm-none-eabi-10.3-2021.10/bin/../lib/gcc/arm-none-eabi/10.3.1/../../../../arm-none-eabi/lib/thumb/v8-m.main+fp/hard\libg_nano.a(lib_a-nano-mallocr.o)
 .ARM.attributes
                0x00000712       0x38 d:/renesas/ra/e2studio_v2022-10_fsp_v4.1.0/toolchains/gcc_arm/gcc-arm-none-eabi-10.3-2021.10/bin/../lib/gcc/arm-none-eabi/10.3.1/../../../../arm-none-eabi/lib/thumb/v8-m.main+fp/hard\libg_nano.a(lib_a-rget.o)
 .ARM.attributes
                0x0000074a       0x38 d:/renesas/ra/e2studio_v2022-10_fsp_v4.1.0/toolchains/gcc_arm/gcc-arm-none-eabi-10.3-2021.10/bin/../lib/gcc/arm-none-eabi/10.3.1/../../../../arm-none-eabi/lib/thumb/v8-m.main+fp/hard\libg_nano.a(lib_a-sbrkr.o)
 .ARM.attributes
                0x00000782       0x38 d:/renesas/ra/e2studio_v2022-10_fsp_v4.1.0/toolchains/gcc_arm/gcc-arm-none-eabi-10.3-2021.10/bin/../lib/gcc/arm-none-eabi/10.3.1/../../../../arm-none-eabi/lib/thumb/v8-m.main+fp/hard\libg_nano.a(lib_a-stdio.o)
 .ARM.attributes
                0x000007ba       0x38 d:/renesas/ra/e2studio_v2022-10_fsp_v4.1.0/toolchains/gcc_arm/gcc-arm-none-eabi-10.3-2021.10/bin/../lib/gcc/arm-none-eabi/10.3.1/../../../../arm-none-eabi/lib/thumb/v8-m.main+fp/hard\libg_nano.a(lib_a-writer.o)
 .ARM.attributes
                0x000007f2       0x38 d:/renesas/ra/e2studio_v2022-10_fsp_v4.1.0/toolchains/gcc_arm/gcc-arm-none-eabi-10.3-2021.10/bin/../lib/gcc/arm-none-eabi/10.3.1/../../../../arm-none-eabi/lib/thumb/v8-m.main+fp/hard\libg_nano.a(lib_a-closer.o)
 .ARM.attributes
                0x0000082a       0x38 d:/renesas/ra/e2studio_v2022-10_fsp_v4.1.0/toolchains/gcc_arm/gcc-arm-none-eabi-10.3-2021.10/bin/../lib/gcc/arm-none-eabi/10.3.1/../../../../arm-none-eabi/lib/thumb/v8-m.main+fp/hard\libg_nano.a(lib_a-fflush.o)
 .ARM.attributes
                0x00000862       0x38 d:/renesas/ra/e2studio_v2022-10_fsp_v4.1.0/toolchains/gcc_arm/gcc-arm-none-eabi-10.3-2021.10/bin/../lib/gcc/arm-none-eabi/10.3.1/../../../../arm-none-eabi/lib/thumb/v8-m.main+fp/hard\libg_nano.a(lib_a-lseekr.o)
 .ARM.attributes
                0x0000089a       0x38 d:/renesas/ra/e2studio_v2022-10_fsp_v4.1.0/toolchains/gcc_arm/gcc-arm-none-eabi-10.3-2021.10/bin/../lib/gcc/arm-none-eabi/10.3.1/../../../../arm-none-eabi/lib/thumb/v8-m.main+fp/hard\libg_nano.a(lib_a-mlock.o)
 .ARM.attributes
                0x000008d2       0x38 d:/renesas/ra/e2studio_v2022-10_fsp_v4.1.0/toolchains/gcc_arm/gcc-arm-none-eabi-10.3-2021.10/bin/../lib/gcc/arm-none-eabi/10.3.1/../../../../arm-none-eabi/lib/thumb/v8-m.main+fp/hard\libg_nano.a(lib_a-nano-freer.o)
 .ARM.attributes
                0x0000090a       0x38 d:/renesas/ra/e2studio_v2022-10_fsp_v4.1.0/toolchains/gcc_arm/gcc-arm-none-eabi-10.3-2021.10/bin/../lib/gcc/arm-none-eabi/10.3.1/../../../../arm-none-eabi/lib/thumb/v8-m.main+fp/hard\libg_nano.a(lib_a-readr.o)
 .ARM.attributes
                0x00000942       0x38 d:/renesas/ra/e2studio_v2022-10_fsp_v4.1.0/toolchains/gcc_arm/gcc-arm-none-eabi-10.3-2021.10/bin/../lib/gcc/arm-none-eabi/10.3.1/../../../../arm-none-eabi/lib/thumb/v8-m.main+fp/hard\libg_nano.a(lib_a-reent.o)
 .ARM.attributes
                0x0000097a       0x38 d:/renesas/ra/e2studio_v2022-10_fsp_v4.1.0/toolchains/gcc_arm/gcc-arm-none-eabi-10.3-2021.10/bin/../lib/gcc/arm-none-eabi/10.3.1/../../../../arm-none-eabi/lib/thumb/v8-m.main+fp/hard\libg_nano.a(lib_a-refill.o)
 .ARM.attributes
                0x000009b2       0x38 d:/renesas/ra/e2studio_v2022-10_fsp_v4.1.0/toolchains/gcc_arm/gcc-arm-none-eabi-10.3-2021.10/bin/../lib/gcc/arm-none-eabi/10.3.1/../../../../arm-none-eabi/lib/thumb/v8-m.main+fp/hard\libg_nano.a(lib_a-makebuf.o)
 .ARM.attributes
                0x000009ea       0x38 d:/renesas/ra/e2studio_v2022-10_fsp_v4.1.0/toolchains/gcc_arm/gcc-arm-none-eabi-10.3-2021.10/bin/../lib/gcc/arm-none-eabi/10.3.1/../../../../arm-none-eabi/lib/thumb/v8-m.main+fp/hard\libg_nano.a(lib_a-fstatr.o)
 .ARM.attributes
                0x00000a22       0x38 d:/renesas/ra/e2studio_v2022-10_fsp_v4.1.0/toolchains/gcc_arm/gcc-arm-none-eabi-10.3-2021.10/bin/../lib/gcc/arm-none-eabi/10.3.1/../../../../arm-none-eabi/lib/thumb/v8-m.main+fp/hard\libg_nano.a(lib_a-isattyr.o)
 .ARM.attributes
                0x00000a5a       0x38 d:/renesas/ra/e2studio_v2022-10_fsp_v4.1.0/toolchains/gcc_arm/gcc-arm-none-eabi-10.3-2021.10/bin/../lib/gcc/arm-none-eabi/10.3.1/../../../../arm-none-eabi/lib/thumb/v8-m.main+fp/hard\librdimon_nano.a(rdimon-syscalls.o)
 .ARM.attributes
                0x00000a92       0x38 d:/renesas/ra/e2studio_v2022-10_fsp_v4.1.0/toolchains/gcc_arm/gcc-arm-none-eabi-10.3-2021.10/bin/../lib/gcc/arm-none-eabi/10.3.1/thumb/v8-m.main+fp/hard/crtend.o
 .ARM.attributes
                0x00000aca       0x22 d:/renesas/ra/e2studio_v2022-10_fsp_v4.1.0/toolchains/gcc_arm/gcc-arm-none-eabi-10.3-2021.10/bin/../lib/gcc/arm-none-eabi/10.3.1/thumb/v8-m.main+fp/hard/crtn.o

.comment        0x00000000       0x49
 .comment       0x00000000       0x49 ./src/hal_entry.o
                                 0x4a (size before relaxing)
 .comment       0x00000049       0x4a ./ra_gen/common_data.o
 .comment       0x00000049       0x4a ./ra_gen/hal_data.o
 .comment       0x00000049       0x4a ./ra_gen/main.o
 .comment       0x00000049       0x4a ./ra_gen/pin_data.o
 .comment       0x00000049       0x4a ./ra_gen/vector_data.o
 .comment       0x00000049       0x4a ./ra/fsp/src/r_sci_uart/r_sci_uart.o
 .comment       0x00000049       0x4a ./ra/fsp/src/r_ioport/r_ioport.o
 .comment       0x00000049       0x4a ./ra/fsp/src/bsp/mcu/all/bsp_clocks.o
 .comment       0x00000049       0x4a ./ra/fsp/src/bsp/mcu/all/bsp_common.o
 .comment       0x00000049       0x4a ./ra/fsp/src/bsp/mcu/all/bsp_delay.o
 .comment       0x00000049       0x4a ./ra/fsp/src/bsp/mcu/all/bsp_group_irq.o
 .comment       0x00000049       0x4a ./ra/fsp/src/bsp/mcu/all/bsp_io.o
 .comment       0x00000049       0x4a ./ra/fsp/src/bsp/mcu/all/bsp_irq.o
 .comment       0x00000049       0x4a ./ra/fsp/src/bsp/mcu/all/bsp_register_protection.o
 .comment       0x00000049       0x4a ./ra/fsp/src/bsp/mcu/all/bsp_rom_registers.o
 .comment       0x00000049       0x4a ./ra/fsp/src/bsp/mcu/all/bsp_sbrk.o
 .comment       0x00000049       0x4a ./ra/fsp/src/bsp/cmsis/Device/RENESAS/Source/startup.o
 .comment       0x00000049       0x4a ./ra/fsp/src/bsp/cmsis/Device/RENESAS/Source/system.o
 .comment       0x00000049       0x4a ./ra/board/ra6m4_ek/board_init.o

.debug_info     0x00000000    0x25a88
 .debug_info    0x00000000     0x3499 ./src/hal_entry.o
 .debug_info    0x00003499     0x11ad ./ra_gen/common_data.o
 .debug_info    0x00004646     0x33bf ./ra_gen/hal_data.o
 .debug_info    0x00007a05       0xa3 ./ra_gen/main.o
 .debug_info    0x00007aa8      0x9f5 ./ra_gen/pin_data.o
 .debug_info    0x0000849d      0x7da ./ra_gen/vector_data.o
 .debug_info    0x00008c77     0x9846 ./ra/fsp/src/r_sci_uart/r_sci_uart.o
 .debug_info    0x000124bd     0x6909 ./ra/fsp/src/r_ioport/r_ioport.o
 .debug_info    0x00018dc6     0x4777 ./ra/fsp/src/bsp/mcu/all/bsp_clocks.o
 .debug_info    0x0001d53d      0x8bc ./ra/fsp/src/bsp/mcu/all/bsp_common.o
 .debug_info    0x0001ddf9      0x1d1 ./ra/fsp/src/bsp/mcu/all/bsp_delay.o
 .debug_info    0x0001dfca     0x137e ./ra/fsp/src/bsp/mcu/all/bsp_group_irq.o
 .debug_info    0x0001f348       0xa3 ./ra/fsp/src/bsp/mcu/all/bsp_io.o
 .debug_info    0x0001f3eb     0x1dfd ./ra/fsp/src/bsp/mcu/all/bsp_irq.o
 .debug_info    0x000211e8     0x3ac1 ./ra/fsp/src/bsp/mcu/all/bsp_register_protection.o
 .debug_info    0x00024ca9      0x1de ./ra/fsp/src/bsp/mcu/all/bsp_rom_registers.o
 .debug_info    0x00024e87      0x13b ./ra/fsp/src/bsp/mcu/all/bsp_sbrk.o
 .debug_info    0x00024fc2      0x154 ./ra/fsp/src/bsp/cmsis/Device/RENESAS/Source/startup.o
 .debug_info    0x00025116      0x8dc ./ra/fsp/src/bsp/cmsis/Device/RENESAS/Source/system.o
 .debug_info    0x000259f2       0x96 ./ra/board/ra6m4_ek/board_init.o

.debug_abbrev   0x00000000     0x254c
 .debug_abbrev  0x00000000      0x391 ./src/hal_entry.o
 .debug_abbrev  0x00000391      0x150 ./ra_gen/common_data.o
 .debug_abbrev  0x000004e1      0x268 ./ra_gen/hal_data.o
 .debug_abbrev  0x00000749       0x66 ./ra_gen/main.o
 .debug_abbrev  0x000007af       0xdc ./ra_gen/pin_data.o
 .debug_abbrev  0x0000088b       0xa7 ./ra_gen/vector_data.o
 .debug_abbrev  0x00000932      0x592 ./ra/fsp/src/r_sci_uart/r_sci_uart.o
 .debug_abbrev  0x00000ec4      0x428 ./ra/fsp/src/r_ioport/r_ioport.o
 .debug_abbrev  0x000012ec      0x38c ./ra/fsp/src/bsp/mcu/all/bsp_clocks.o
 .debug_abbrev  0x00001678      0x172 ./ra/fsp/src/bsp/mcu/all/bsp_common.o
 .debug_abbrev  0x000017ea      0x111 ./ra/fsp/src/bsp/mcu/all/bsp_delay.o
 .debug_abbrev  0x000018fb      0x254 ./ra/fsp/src/bsp/mcu/all/bsp_group_irq.o
 .debug_abbrev  0x00001b4f       0x5e ./ra/fsp/src/bsp/mcu/all/bsp_io.o
 .debug_abbrev  0x00001bad      0x251 ./ra/fsp/src/bsp/mcu/all/bsp_irq.o
 .debug_abbrev  0x00001dfe      0x277 ./ra/fsp/src/bsp/mcu/all/bsp_register_protection.o
 .debug_abbrev  0x00002075       0x4d ./ra/fsp/src/bsp/mcu/all/bsp_rom_registers.o
 .debug_abbrev  0x000020c2       0xcc ./ra/fsp/src/bsp/mcu/all/bsp_sbrk.o
 .debug_abbrev  0x0000218e       0xe6 ./ra/fsp/src/bsp/cmsis/Device/RENESAS/Source/startup.o
 .debug_abbrev  0x00002274      0x27c ./ra/fsp/src/bsp/cmsis/Device/RENESAS/Source/system.o
 .debug_abbrev  0x000024f0       0x5c ./ra/board/ra6m4_ek/board_init.o

.debug_loc      0x00000000     0x2e10
 .debug_loc     0x00000000      0x197 ./src/hal_entry.o
 .debug_loc     0x00000197     0x153a ./ra/fsp/src/r_sci_uart/r_sci_uart.o
 .debug_loc     0x000016d1      0xdd9 ./ra/fsp/src/r_ioport/r_ioport.o
 .debug_loc     0x000024aa      0x315 ./ra/fsp/src/bsp/mcu/all/bsp_clocks.o
 .debug_loc     0x000027bf       0x22 ./ra/fsp/src/bsp/mcu/all/bsp_common.o
 .debug_loc     0x000027e1      0x178 ./ra/fsp/src/bsp/mcu/all/bsp_delay.o
 .debug_loc     0x00002959       0xaa ./ra/fsp/src/bsp/mcu/all/bsp_group_irq.o
 .debug_loc     0x00002a03      0x121 ./ra/fsp/src/bsp/mcu/all/bsp_irq.o
 .debug_loc     0x00002b24      0x105 ./ra/fsp/src/bsp/mcu/all/bsp_register_protection.o
 .debug_loc     0x00002c29      0x11a ./ra/fsp/src/bsp/mcu/all/bsp_sbrk.o
 .debug_loc     0x00002d43       0xcd ./ra/fsp/src/bsp/cmsis/Device/RENESAS/Source/system.o

.debug_aranges  0x00000000      0x3e0
 .debug_aranges
                0x00000000       0x48 ./src/hal_entry.o
 .debug_aranges
                0x00000048       0x20 ./ra_gen/common_data.o
 .debug_aranges
                0x00000068       0x20 ./ra_gen/hal_data.o
 .debug_aranges
                0x00000088       0x20 ./ra_gen/main.o
 .debug_aranges
                0x000000a8       0x18 ./ra_gen/pin_data.o
 .debug_aranges
                0x000000c0       0x18 ./ra_gen/vector_data.o
 .debug_aranges
                0x000000d8       0x90 ./ra/fsp/src/r_sci_uart/r_sci_uart.o
 .debug_aranges
                0x00000168       0x90 ./ra/fsp/src/r_ioport/r_ioport.o
 .debug_aranges
                0x000001f8       0x60 ./ra/fsp/src/bsp/mcu/all/bsp_clocks.o
 .debug_aranges
                0x00000258       0x30 ./ra/fsp/src/bsp/mcu/all/bsp_common.o
 .debug_aranges
                0x00000288       0x28 ./ra/fsp/src/bsp/mcu/all/bsp_delay.o
 .debug_aranges
                0x000002b0       0x28 ./ra/fsp/src/bsp/mcu/all/bsp_group_irq.o
 .debug_aranges
                0x000002d8       0x18 ./ra/fsp/src/bsp/mcu/all/bsp_io.o
 .debug_aranges
                0x000002f0       0x20 ./ra/fsp/src/bsp/mcu/all/bsp_irq.o
 .debug_aranges
                0x00000310       0x28 ./ra/fsp/src/bsp/mcu/all/bsp_register_protection.o
 .debug_aranges
                0x00000338       0x18 ./ra/fsp/src/bsp/mcu/all/bsp_rom_registers.o
 .debug_aranges
                0x00000350       0x20 ./ra/fsp/src/bsp/mcu/all/bsp_sbrk.o
 .debug_aranges
                0x00000370       0x28 ./ra/fsp/src/bsp/cmsis/Device/RENESAS/Source/startup.o
 .debug_aranges
                0x00000398       0x28 ./ra/fsp/src/bsp/cmsis/Device/RENESAS/Source/system.o
 .debug_aranges
                0x000003c0       0x20 ./ra/board/ra6m4_ek/board_init.o

.debug_ranges   0x00000000      0xa28
 .debug_ranges  0x00000000       0x90 ./src/hal_entry.o
 .debug_ranges  0x00000090       0x10 ./ra_gen/common_data.o
 .debug_ranges  0x000000a0       0x10 ./ra_gen/hal_data.o
 .debug_ranges  0x000000b0       0x10 ./ra_gen/main.o
 .debug_ranges  0x000000c0      0x538 ./ra/fsp/src/r_sci_uart/r_sci_uart.o
 .debug_ranges  0x000005f8      0x158 ./ra/fsp/src/r_ioport/r_ioport.o
 .debug_ranges  0x00000750      0x130 ./ra/fsp/src/bsp/mcu/all/bsp_clocks.o
 .debug_ranges  0x00000880       0x20 ./ra/fsp/src/bsp/mcu/all/bsp_common.o
 .debug_ranges  0x000008a0       0x18 ./ra/fsp/src/bsp/mcu/all/bsp_delay.o
 .debug_ranges  0x000008b8       0x58 ./ra/fsp/src/bsp/mcu/all/bsp_group_irq.o
 .debug_ranges  0x00000910       0x68 ./ra/fsp/src/bsp/mcu/all/bsp_irq.o
 .debug_ranges  0x00000978       0x48 ./ra/fsp/src/bsp/mcu/all/bsp_register_protection.o
 .debug_ranges  0x000009c0       0x10 ./ra/fsp/src/bsp/mcu/all/bsp_sbrk.o
 .debug_ranges  0x000009d0       0x18 ./ra/fsp/src/bsp/cmsis/Device/RENESAS/Source/startup.o
 .debug_ranges  0x000009e8       0x30 ./ra/fsp/src/bsp/cmsis/Device/RENESAS/Source/system.o
 .debug_ranges  0x00000a18       0x10 ./ra/board/ra6m4_ek/board_init.o

.debug_line     0x00000000     0x5767
 .debug_line    0x00000000      0x634 ./src/hal_entry.o
 .debug_line    0x00000634      0x2f7 ./ra_gen/common_data.o
 .debug_line    0x0000092b      0x34a ./ra_gen/hal_data.o
 .debug_line    0x00000c75       0x5e ./ra_gen/main.o
 .debug_line    0x00000cd3      0x1e6 ./ra_gen/pin_data.o
 .debug_line    0x00000eb9       0xe7 ./ra_gen/vector_data.o
 .debug_line    0x00000fa0     0x16db ./ra/fsp/src/r_sci_uart/r_sci_uart.o
 .debug_line    0x0000267b      0xbd3 ./ra/fsp/src/r_ioport/r_ioport.o
 .debug_line    0x0000324e      0x83a ./ra/fsp/src/bsp/mcu/all/bsp_clocks.o
 .debug_line    0x00003a88      0x2b8 ./ra/fsp/src/bsp/mcu/all/bsp_common.o
 .debug_line    0x00003d40      0x2d2 ./ra/fsp/src/bsp/mcu/all/bsp_delay.o
 .debug_line    0x00004012      0x320 ./ra/fsp/src/bsp/mcu/all/bsp_group_irq.o
 .debug_line    0x00004332      0x1a6 ./ra/fsp/src/bsp/mcu/all/bsp_io.o
 .debug_line    0x000044d8      0x44f ./ra/fsp/src/bsp/mcu/all/bsp_irq.o
 .debug_line    0x00004927      0x3cf ./ra/fsp/src/bsp/mcu/all/bsp_register_protection.o
 .debug_line    0x00004cf6      0x161 ./ra/fsp/src/bsp/mcu/all/bsp_rom_registers.o
 .debug_line    0x00004e57      0x1f2 ./ra/fsp/src/bsp/mcu/all/bsp_sbrk.o
 .debug_line    0x00005049      0x22a ./ra/fsp/src/bsp/cmsis/Device/RENESAS/Source/startup.o
 .debug_line    0x00005273      0x49a ./ra/fsp/src/bsp/cmsis/Device/RENESAS/Source/system.o
 .debug_line    0x0000570d       0x5a ./ra/board/ra6m4_ek/board_init.o

.debug_str      0x00000000     0xa1d4
 .debug_str     0x00000000     0x3f3c ./src/hal_entry.o
                               0x4077 (size before relaxing)
 .debug_str     0x00003f3c       0x47 ./ra_gen/common_data.o
                               0x3149 (size before relaxing)
 .debug_str     0x00003f83      0x585 ./ra_gen/hal_data.o
                               0x4255 (size before relaxing)
 .debug_str     0x00004508       0x16 ./ra_gen/main.o
                                0x1b4 (size before relaxing)
 .debug_str     0x0000451e      0x61a ./ra_gen/pin_data.o
                               0x1d0e (size before relaxing)
 .debug_str     0x00004b38     0x199a ./ra_gen/vector_data.o
                               0x1b2e (size before relaxing)
 .debug_str     0x000064d2     0x20ee ./ra/fsp/src/r_sci_uart/r_sci_uart.o
                               0x63ee (size before relaxing)
 .debug_str     0x000085c0      0x8af ./ra/fsp/src/r_ioport/r_ioport.o
                               0x53fa (size before relaxing)
 .debug_str     0x00008e6f      0x70c ./ra/fsp/src/bsp/mcu/all/bsp_clocks.o
                               0x1f6e (size before relaxing)
 .debug_str     0x0000957b      0x106 ./ra/fsp/src/bsp/mcu/all/bsp_common.o
                               0x1a5d (size before relaxing)
 .debug_str     0x00009681       0xbc ./ra/fsp/src/bsp/mcu/all/bsp_delay.o
                                0x2e3 (size before relaxing)
 .debug_str     0x0000973d      0x1de ./ra/fsp/src/bsp/mcu/all/bsp_group_irq.o
                               0x1f68 (size before relaxing)
 .debug_str     0x0000991b       0x23 ./ra/fsp/src/bsp/mcu/all/bsp_io.o
                                0x1e3 (size before relaxing)
 .debug_str     0x0000993e      0x36f ./ra/fsp/src/bsp/mcu/all/bsp_irq.o
                               0x23de (size before relaxing)
 .debug_str     0x00009cad       0x88 ./ra/fsp/src/bsp/mcu/all/bsp_register_protection.o
                               0x18e5 (size before relaxing)
 .debug_str     0x00009d35      0x197 ./ra/fsp/src/bsp/mcu/all/bsp_rom_registers.o
                                0x33f (size before relaxing)
 .debug_str     0x00009ecc       0x96 ./ra/fsp/src/bsp/mcu/all/bsp_sbrk.o
                                0x244 (size before relaxing)
 .debug_str     0x00009f62       0x89 ./ra/fsp/src/bsp/cmsis/Device/RENESAS/Source/startup.o
                                0x234 (size before relaxing)
 .debug_str     0x00009feb      0x1c7 ./ra/fsp/src/bsp/cmsis/Device/RENESAS/Source/system.o
                                0x60f (size before relaxing)
 .debug_str     0x0000a1b2       0x22 ./ra/board/ra6m4_ek/board_init.o
                                0x1c6 (size before relaxing)

.debug_frame    0x00000000     0x121c
 .debug_frame   0x00000000       0xbc ./src/hal_entry.o
 .debug_frame   0x000000bc       0x20 ./ra_gen/common_data.o
 .debug_frame   0x000000dc       0x20 ./ra_gen/hal_data.o
 .debug_frame   0x000000fc       0x28 ./ra_gen/main.o
 .debug_frame   0x00000124      0x1d0 ./ra/fsp/src/r_sci_uart/r_sci_uart.o
 .debug_frame   0x000002f4      0x17c ./ra/fsp/src/r_ioport/r_ioport.o
 .debug_frame   0x00000470       0xcc ./ra/fsp/src/bsp/mcu/all/bsp_clocks.o
 .debug_frame   0x0000053c       0x40 ./ra/fsp/src/bsp/mcu/all/bsp_common.o
 .debug_frame   0x0000057c       0x44 ./ra/fsp/src/bsp/mcu/all/bsp_delay.o
 .debug_frame   0x000005c0       0x3c ./ra/fsp/src/bsp/mcu/all/bsp_group_irq.o
 .debug_frame   0x000005fc       0x30 ./ra/fsp/src/bsp/mcu/all/bsp_irq.o
 .debug_frame   0x0000062c       0x48 ./ra/fsp/src/bsp/mcu/all/bsp_register_protection.o
 .debug_frame   0x00000674       0x28 ./ra/fsp/src/bsp/mcu/all/bsp_sbrk.o
 .debug_frame   0x0000069c       0x38 ./ra/fsp/src/bsp/cmsis/Device/RENESAS/Source/startup.o
 .debug_frame   0x000006d4       0x44 ./ra/fsp/src/bsp/cmsis/Device/RENESAS/Source/system.o
 .debug_frame   0x00000718       0x20 ./ra/board/ra6m4_ek/board_init.o
 .debug_frame   0x00000738       0x20 d:/renesas/ra/e2studio_v2022-10_fsp_v4.1.0/toolchains/gcc_arm/gcc-arm-none-eabi-10.3-2021.10/bin/../lib/gcc/arm-none-eabi/10.3.1/../../../../arm-none-eabi/lib/thumb/v8-m.main+fp/hard\libg_nano.a(lib_a-errno.o)
 .debug_frame   0x00000758       0x48 d:/renesas/ra/e2studio_v2022-10_fsp_v4.1.0/toolchains/gcc_arm/gcc-arm-none-eabi-10.3-2021.10/bin/../lib/gcc/arm-none-eabi/10.3.1/../../../../arm-none-eabi/lib/thumb/v8-m.main+fp/hard\libg_nano.a(lib_a-getchar.o)
 .debug_frame   0x000007a0       0x28 d:/renesas/ra/e2studio_v2022-10_fsp_v4.1.0/toolchains/gcc_arm/gcc-arm-none-eabi-10.3-2021.10/bin/../lib/gcc/arm-none-eabi/10.3.1/../../../../arm-none-eabi/lib/thumb/v8-m.main+fp/hard\libg_nano.a(lib_a-memcpy-stub.o)
 .debug_frame   0x000007c8       0x20 d:/renesas/ra/e2studio_v2022-10_fsp_v4.1.0/toolchains/gcc_arm/gcc-arm-none-eabi-10.3-2021.10/bin/../lib/gcc/arm-none-eabi/10.3.1/../../../../arm-none-eabi/lib/thumb/v8-m.main+fp/hard\libg_nano.a(lib_a-memset.o)
 .debug_frame   0x000007e8      0x14c d:/renesas/ra/e2studio_v2022-10_fsp_v4.1.0/toolchains/gcc_arm/gcc-arm-none-eabi-10.3-2021.10/bin/../lib/gcc/arm-none-eabi/10.3.1/../../../../arm-none-eabi/lib/thumb/v8-m.main+fp/hard\libg_nano.a(lib_a-findfp.o)
 .debug_frame   0x00000934       0x54 d:/renesas/ra/e2studio_v2022-10_fsp_v4.1.0/toolchains/gcc_arm/gcc-arm-none-eabi-10.3-2021.10/bin/../lib/gcc/arm-none-eabi/10.3.1/../../../../arm-none-eabi/lib/thumb/v8-m.main+fp/hard\libg_nano.a(lib_a-fwalk.o)
 .debug_frame   0x00000988       0x48 d:/renesas/ra/e2studio_v2022-10_fsp_v4.1.0/toolchains/gcc_arm/gcc-arm-none-eabi-10.3-2021.10/bin/../lib/gcc/arm-none-eabi/10.3.1/../../../../arm-none-eabi/lib/thumb/v8-m.main+fp/hard\libg_nano.a(lib_a-getc.o)
 .debug_frame   0x000009d0       0xb0 d:/renesas/ra/e2studio_v2022-10_fsp_v4.1.0/toolchains/gcc_arm/gcc-arm-none-eabi-10.3-2021.10/bin/../lib/gcc/arm-none-eabi/10.3.1/../../../../arm-none-eabi/lib/thumb/v8-m.main+fp/hard\libg_nano.a(lib_a-lock.o)
 .debug_frame   0x00000a80       0x4c d:/renesas/ra/e2studio_v2022-10_fsp_v4.1.0/toolchains/gcc_arm/gcc-arm-none-eabi-10.3-2021.10/bin/../lib/gcc/arm-none-eabi/10.3.1/../../../../arm-none-eabi/lib/thumb/v8-m.main+fp/hard\libg_nano.a(lib_a-nano-mallocr.o)
 .debug_frame   0x00000acc       0x3c d:/renesas/ra/e2studio_v2022-10_fsp_v4.1.0/toolchains/gcc_arm/gcc-arm-none-eabi-10.3-2021.10/bin/../lib/gcc/arm-none-eabi/10.3.1/../../../../arm-none-eabi/lib/thumb/v8-m.main+fp/hard\libg_nano.a(lib_a-rget.o)
 .debug_frame   0x00000b08       0x2c d:/renesas/ra/e2studio_v2022-10_fsp_v4.1.0/toolchains/gcc_arm/gcc-arm-none-eabi-10.3-2021.10/bin/../lib/gcc/arm-none-eabi/10.3.1/../../../../arm-none-eabi/lib/thumb/v8-m.main+fp/hard\libg_nano.a(lib_a-sbrkr.o)
 .debug_frame   0x00000b34       0x88 d:/renesas/ra/e2studio_v2022-10_fsp_v4.1.0/toolchains/gcc_arm/gcc-arm-none-eabi-10.3-2021.10/bin/../lib/gcc/arm-none-eabi/10.3.1/../../../../arm-none-eabi/lib/thumb/v8-m.main+fp/hard\libg_nano.a(lib_a-stdio.o)
 .debug_frame   0x00000bbc       0x2c d:/renesas/ra/e2studio_v2022-10_fsp_v4.1.0/toolchains/gcc_arm/gcc-arm-none-eabi-10.3-2021.10/bin/../lib/gcc/arm-none-eabi/10.3.1/../../../../arm-none-eabi/lib/thumb/v8-m.main+fp/hard\libg_nano.a(lib_a-writer.o)